Archive member included to satisfy reference by file (symbol)

/home/cj/MaximSDK/Libraries/PeriphDrivers/bin/MAX32655/spi-v1_softfp/libPeriphDriver_spi-v1_softfp.a(mxc_delay.o)
                              /home/cj/BrownbagSession/Ceedling/FTHR_I2C/build/main.o (MXC_Delay)
/home/cj/MaximSDK/Libraries/PeriphDrivers/bin/MAX32655/spi-v1_softfp/libPeriphDriver_spi-v1_softfp.a(sys_me17.o)
                              /home/cj/BrownbagSession/Ceedling/FTHR_I2C/build/board.o (MXC_SYS_ClockEnable)
/home/cj/MaximSDK/Libraries/PeriphDrivers/bin/MAX32655/spi-v1_softfp/libPeriphDriver_spi-v1_softfp.a(aes_me17.o)
                              /home/cj/MaximSDK/Libraries/PeriphDrivers/bin/MAX32655/spi-v1_softfp/libPeriphDriver_spi-v1_softfp.a(sys_me17.o) (MXC_AES_Init)
/home/cj/MaximSDK/Libraries/PeriphDrivers/bin/MAX32655/spi-v1_softfp/libPeriphDriver_spi-v1_softfp.a(aes_revb.o)
                              /home/cj/MaximSDK/Libraries/PeriphDrivers/bin/MAX32655/spi-v1_softfp/libPeriphDriver_spi-v1_softfp.a(aes_me17.o) (MXC_AES_RevB_IsBusy)
/home/cj/MaximSDK/Libraries/PeriphDrivers/bin/MAX32655/spi-v1_softfp/libPeriphDriver_spi-v1_softfp.a(dma_me17.o)
                              /home/cj/MaximSDK/Libraries/PeriphDrivers/bin/MAX32655/spi-v1_softfp/libPeriphDriver_spi-v1_softfp.a(aes_revb.o) (MXC_DMA_Init)
/home/cj/MaximSDK/Libraries/PeriphDrivers/bin/MAX32655/spi-v1_softfp/libPeriphDriver_spi-v1_softfp.a(dma_reva.o)
                              /home/cj/MaximSDK/Libraries/PeriphDrivers/bin/MAX32655/spi-v1_softfp/libPeriphDriver_spi-v1_softfp.a(dma_me17.o) (MXC_DMA_RevA_Init)
/home/cj/MaximSDK/Libraries/PeriphDrivers/bin/MAX32655/spi-v1_softfp/libPeriphDriver_spi-v1_softfp.a(flc_me17.o)
                              /home/cj/MaximSDK/Libraries/PeriphDrivers/bin/MAX32655/spi-v1_softfp/libPeriphDriver_spi-v1_softfp.a(sys_me17.o) (MXC_FLC_UnlockInfoBlock)
/home/cj/MaximSDK/Libraries/PeriphDrivers/bin/MAX32655/spi-v1_softfp/libPeriphDriver_spi-v1_softfp.a(flc_reva.o)
                              /home/cj/MaximSDK/Libraries/PeriphDrivers/bin/MAX32655/spi-v1_softfp/libPeriphDriver_spi-v1_softfp.a(flc_me17.o) (MXC_FLC_RevA_Busy)
/home/cj/MaximSDK/Libraries/PeriphDrivers/bin/MAX32655/spi-v1_softfp/libPeriphDriver_spi-v1_softfp.a(gpio_me17.o)
                              /home/cj/BrownbagSession/Ceedling/FTHR_I2C/build/pb.o (MXC_GPIO_InGet)
/home/cj/MaximSDK/Libraries/PeriphDrivers/bin/MAX32655/spi-v1_softfp/libPeriphDriver_spi-v1_softfp.a(gpio_reva.o)
                              /home/cj/MaximSDK/Libraries/PeriphDrivers/bin/MAX32655/spi-v1_softfp/libPeriphDriver_spi-v1_softfp.a(gpio_me17.o) (MXC_GPIO_RevA_InGet)
/home/cj/MaximSDK/Libraries/PeriphDrivers/bin/MAX32655/spi-v1_softfp/libPeriphDriver_spi-v1_softfp.a(i2c_me17.o)
                              /home/cj/BrownbagSession/Ceedling/FTHR_I2C/build/main.o (MXC_I2C_Init)
/home/cj/MaximSDK/Libraries/PeriphDrivers/bin/MAX32655/spi-v1_softfp/libPeriphDriver_spi-v1_softfp.a(i2c_reva.o)
                              /home/cj/MaximSDK/Libraries/PeriphDrivers/bin/MAX32655/spi-v1_softfp/libPeriphDriver_spi-v1_softfp.a(i2c_me17.o) (MXC_I2C_RevA_DMACallback)
/home/cj/MaximSDK/Libraries/PeriphDrivers/bin/MAX32655/spi-v1_softfp/libPeriphDriver_spi-v1_softfp.a(icc_me17.o)
                              /home/cj/BrownbagSession/Ceedling/FTHR_I2C/build/system_max32655.o (MXC_ICC_Enable)
/home/cj/MaximSDK/Libraries/PeriphDrivers/bin/MAX32655/spi-v1_softfp/libPeriphDriver_spi-v1_softfp.a(icc_reva.o)
                              /home/cj/MaximSDK/Libraries/PeriphDrivers/bin/MAX32655/spi-v1_softfp/libPeriphDriver_spi-v1_softfp.a(icc_me17.o) (MXC_ICC_RevA_ID)
/home/cj/MaximSDK/Libraries/PeriphDrivers/bin/MAX32655/spi-v1_softfp/libPeriphDriver_spi-v1_softfp.a(simo_me17.o)
                              /home/cj/BrownbagSession/Ceedling/FTHR_I2C/build/system_max32655.o (MXC_SIMO_SetVregO_A)
/home/cj/MaximSDK/Libraries/PeriphDrivers/bin/MAX32655/spi-v1_softfp/libPeriphDriver_spi-v1_softfp.a(simo_reva.o)
                              /home/cj/MaximSDK/Libraries/PeriphDrivers/bin/MAX32655/spi-v1_softfp/libPeriphDriver_spi-v1_softfp.a(simo_me17.o) (MXC_SIMO_RevA_SetVregO_A)
/home/cj/MaximSDK/Libraries/PeriphDrivers/bin/MAX32655/spi-v1_softfp/libPeriphDriver_spi-v1_softfp.a(spi_me17.o)
                              /home/cj/BrownbagSession/Ceedling/FTHR_I2C/build/board.o (MXC_SPI_Init)
/home/cj/MaximSDK/Libraries/PeriphDrivers/bin/MAX32655/spi-v1_softfp/libPeriphDriver_spi-v1_softfp.a(spi_reva1.o)
                              /home/cj/MaximSDK/Libraries/PeriphDrivers/bin/MAX32655/spi-v1_softfp/libPeriphDriver_spi-v1_softfp.a(spi_me17.o) (MXC_SPI_RevA1_Init)
/home/cj/MaximSDK/Libraries/PeriphDrivers/bin/MAX32655/spi-v1_softfp/libPeriphDriver_spi-v1_softfp.a(trng_revb.o)
                              /home/cj/MaximSDK/Libraries/PeriphDrivers/bin/MAX32655/spi-v1_softfp/libPeriphDriver_spi-v1_softfp.a(aes_me17.o) (MXC_TRNG_RevB_GenerateKey)
[...]
Memory Configuration

Name             Origin             Length             Attributes
ROM              0x0000000000000000 0x0000000000010000 xr
FLASH            0x0000000010000000 0x0000000000080000 xr
PAL_NVM_DB       0x0000000010080000 0x0000000000000000 r
RISCV_FLASH      0x0000000010080000 0x0000000000000000 xr
SRAM             0x0000000020000000 0x0000000000020000 xrw
MAILBOX_0        0x0000000020020000 0x0000000000000000 rw
MAILBOX_1        0x0000000020020000 0x0000000000000000 rw
RISCV_SRAM       0x0000000020020000 0x0000000000000000 xrw
*default*        0x0000000000000000 0xffffffffffffffff

Linker script and memory map

LOAD /home/cj/MaximSDK/Tools/GNUTools/10.3/bin/../lib/gcc/arm-none-eabi/10.3.1/thumb/v7e-m+fp/softfp/crti.o
LOAD /home/cj/MaximSDK/Tools/GNUTools/10.3/bin/../lib/gcc/arm-none-eabi/10.3.1/thumb/v7e-m+fp/softfp/crtbegin.o
LOAD /home/cj/MaximSDK/Tools/GNUTools/10.3/bin/../lib/gcc/arm-none-eabi/10.3.1/../../../../arm-none-eabi/lib/thumb/v7e-m+fp/softfp/crt0.o
LOAD /home/cj/BrownbagSession/Ceedling/FTHR_I2C/build/main.o
LOAD /home/cj/BrownbagSession/Ceedling/FTHR_I2C/build/led_control.o
LOAD /home/cj/BrownbagSession/Ceedling/FTHR_I2C/build/board.o
LOAD /home/cj/BrownbagSession/Ceedling/FTHR_I2C/build/stdio.o
LOAD /home/cj/BrownbagSession/Ceedling/FTHR_I2C/build/led.o
LOAD /home/cj/BrownbagSession/Ceedling/FTHR_I2C/build/pb.o
LOAD /home/cj/BrownbagSession/Ceedling/FTHR_I2C/build/max20303.o
LOAD /home/cj/BrownbagSession/Ceedling/FTHR_I2C/build/w25.o
LOAD /home/cj/BrownbagSession/Ceedling/FTHR_I2C/build/startup_max32655.o
LOAD /home/cj/BrownbagSession/Ceedling/FTHR_I2C/build/heap.o
LOAD /home/cj/BrownbagSession/Ceedling/FTHR_I2C/build/system_max32655.o
START GROUP
LOAD /home/cj/MaximSDK/Libraries/PeriphDrivers/bin/MAX32655/spi-v1_softfp/libPeriphDriver_spi-v1_softfp.a
LOAD /home/cj/MaximSDK/Tools/GNUTools/10.3/bin/../lib/gcc/arm-none-eabi/10.3.1/../../../../arm-none-eabi/lib/thumb/v7e-m+fp/softfp/libc.a
LOAD /home/cj/MaximSDK/Tools/GNUTools/10.3/bin/../lib/gcc/arm-none-eabi/10.3.1/../../../../arm-none-eabi/lib/thumb/v7e-m+fp/softfp/libm.a
LOAD /home/cj/MaximSDK/Tools/GNUTools/10.3/bin/../lib/gcc/arm-none-eabi/10.3.1/../../../../arm-none-eabi/lib/thumb/v7e-m+fp/softfp/libnosys.a
END GROUP
START GROUP
LOAD /home/cj/MaximSDK/Tools/GNUTools/10.3/bin/../lib/gcc/arm-none-eabi/10.3.1/thumb/v7e-m+fp/softfp/libgcc.a
LOAD /home/cj/MaximSDK/Tools/GNUTools/10.3/bin/../lib/gcc/arm-none-eabi/10.3.1/../../../../arm-none-eabi/lib/thumb/v7e-m+fp/softfp/libc.a
END GROUP
LOAD /home/cj/MaximSDK/Tools/GNUTools/10.3/bin/../lib/gcc/arm-none-eabi/10.3.1/thumb/v7e-m+fp/softfp/crtend.o
LOAD /home/cj/MaximSDK/Tools/GNUTools/10.3/bin/../lib/gcc/arm-none-eabi/10.3.1/thumb/v7e-m+fp/softfp/crtn.o
                0x0000000000080000                FLASH_MEM_SIZE = (_ARM_FLASH_SIZE - _PAL_NVM_SIZE)
                0x0000000010080000                PAL_NVM_ORIGIN = ((_ARM_FLASH_SIZE - _PAL_NVM_SIZE) + _ARM_FLASH_ORIGIN)
                0x0000000010080000                RISCV_FLASH_ORIGIN = (PAL_NVM_ORIGIN + _PAL_NVM_SIZE)
                0x0000000000000000                RISCV_FLASH_SIZE = (_FLASH_SIZE - _ARM_FLASH_SIZE)
                0x0000000020020000                MAILBOX_ORIGIN = (_ARM_SRAM_ORIGIN + _ARM_SRAM_SIZE)
                0x0000000020020000                RISCV_SRAM_ORIGIN = (MAILBOX_ORIGIN + (0x2 * _MAILBOX_SIZE))
                0x0000000000000000                RISCV_SRAM_SIZE = ((_SRAM_SIZE - _ARM_SRAM_SIZE) - (0x2 * _MAILBOX_SIZE))

.rom
 *(.rom_vector)
 *(.rom_handlers*)

.text           0x0000000010000000     0xabc4
                0x0000000010000000                _text = .
 *(.isr_vector)
 .isr_vector    0x0000000010000000      0x1f8 /home/cj/BrownbagSession/Ceedling/FTHR_I2C/build/startup_max32655.o
                0x0000000010000000                __isr_vector
 EXCLUDE_FILE(*riscv.o) *(.text*)
 .text          0x00000000100001f8       0x40 /home/cj/MaximSDK/Tools/GNUTools/10.3/bin/../lib/gcc/arm-none-eabi/10.3.1/thumb/v7e-m+fp/softfp/crtbegin.o
 .text.SetLEDs  0x0000000010000238       0x60 /home/cj/BrownbagSession/Ceedling/FTHR_I2C/build/main.o
                0x0000000010000238                SetLEDs
 .text.main     0x0000000010000298       0xbc /home/cj/BrownbagSession/Ceedling/FTHR_I2C/build/main.o
                0x0000000010000298                main
 .text.ext_flash_clock
                0x0000000010000354       0x7c /home/cj/BrownbagSession/Ceedling/FTHR_I2C/build/board.o
 .text.ext_flash_board_init_quad
                0x00000000100003d0       0x4c /home/cj/BrownbagSession/Ceedling/FTHR_I2C/build/board.o
 .text.ext_flash_board_write
                0x000000001000041c       0x7c /home/cj/BrownbagSession/Ceedling/FTHR_I2C/build/board.o
 .text.ext_flash_board_read
                0x0000000010000498       0x7c /home/cj/BrownbagSession/Ceedling/FTHR_I2C/build/board.o
 .text.ext_flash_board_init
                0x0000000010000514       0x74 /home/cj/BrownbagSession/Ceedling/FTHR_I2C/build/board.o
 .text.GPIO0_IRQHandler
                0x0000000010000588        0xa /home/cj/BrownbagSession/Ceedling/FTHR_I2C/build/board.o
                0x0000000010000588                GPIO0_IRQHandler
 *fill*         0x0000000010000592        0x2 
 .text.mxc_assert
                0x0000000010000594       0x10 /home/cj/BrownbagSession/Ceedling/FTHR_I2C/build/board.o
                0x0000000010000594                mxc_assert
 .text.Console_Init
                0x00000000100005a4       0x18 /home/cj/BrownbagSession/Ceedling/FTHR_I2C/build/board.o
                0x00000000100005a4                Console_Init
 .text.Board_Init
                0x00000000100005bc       0x6c /home/cj/BrownbagSession/Ceedling/FTHR_I2C/build/board.o
                0x00000000100005bc                Board_Init
 .text.NMI_Handler
                0x0000000010000628        0x4 /home/cj/BrownbagSession/Ceedling/FTHR_I2C/build/board.o
                0x0000000010000628                NMI_Handler
 .text._close   0x000000001000062c        0x6 /home/cj/BrownbagSession/Ceedling/FTHR_I2C/build/stdio.o
                0x000000001000062c                _close
 .text._isatty  0x0000000010000632        0x6 /home/cj/BrownbagSession/Ceedling/FTHR_I2C/build/stdio.o
                0x0000000010000632                _isatty
 .text._lseek   0x0000000010000638        0x6 /home/cj/BrownbagSession/Ceedling/FTHR_I2C/build/stdio.o
                0x0000000010000638                _lseek
 .text._fstat   0x000000001000063e        0x6 /home/cj/BrownbagSession/Ceedling/FTHR_I2C/build/stdio.o
                0x000000001000063e                _fstat
 .text._read    0x0000000010000644       0x50 /home/cj/BrownbagSession/Ceedling/FTHR_I2C/build/stdio.o
                0x0000000010000644                _read
 .text._write   0x0000000010000694       0x44 /home/cj/BrownbagSession/Ceedling/FTHR_I2C/build/stdio.o
                0x0000000010000694                _write
 .text.LED_Off  0x00000000100006d8       0x44 /home/cj/BrownbagSession/Ceedling/FTHR_I2C/build/led.o
                0x00000000100006d8                LED_Off
 .text.LED_Init
                0x000000001000071c       0x3c /home/cj/BrownbagSession/Ceedling/FTHR_I2C/build/led.o
                0x000000001000071c                LED_Init
 .text.PB_Init  0x0000000010000758       0x60 /home/cj/BrownbagSession/Ceedling/FTHR_I2C/build/pb.o
                0x0000000010000758                PB_Init
 .text.Ext_Flash_Configure
                0x00000000100007b8       0x28 /home/cj/BrownbagSession/Ceedling/FTHR_I2C/build/w25.o
                0x00000000100007b8                Ext_Flash_Configure
 .text          0x00000000100007e0      0x154 /home/cj/BrownbagSession/Ceedling/FTHR_I2C/build/startup_max32655.o
                0x00000000100007e0                Reset_Handler
                0x000000001000081e                HardFault_Handler
                0x0000000010000820                MemManage_Handler
                0x0000000010000822                BusFault_Handler
                0x0000000010000824                UsageFault_Handler
                0x0000000010000826                SVC_Handler
                0x0000000010000828                DebugMon_Handler
                0x000000001000082a                PendSV_Handler
                0x000000001000082c                SysTick_Handler
                0x000000001000082e                Default_Handler
                0x0000000010000830                PF_IRQHandler
                0x0000000010000832                WDT0_IRQHandler
                0x0000000010000834                RSV02_IRQHandler
                0x0000000010000836                RTC_IRQHandler
                0x0000000010000838                TRNG_IRQHandler
                0x000000001000083a                TMR0_IRQHandler
                0x000000001000083c                TMR1_IRQHandler
                0x000000001000083e                TMR2_IRQHandler
                0x0000000010000840                TMR3_IRQHandler
                0x0000000010000842                TMR4_IRQHandler
                0x0000000010000844                TMR5_IRQHandler
                0x0000000010000846                RSV11_IRQHandler
                0x0000000010000848                RSV12_IRQHandler
                0x000000001000084a                I2C0_IRQHandler
                0x000000001000084c                UART0_IRQHandler
                0x000000001000084e                UART1_IRQHandler
                0x0000000010000850                SPI1_IRQHandler
                0x0000000010000852                RSV17_IRQHandler
                0x0000000010000854                RSV18_IRQHandler
                0x0000000010000856                RSV19_IRQHandler
                0x0000000010000858                ADC_IRQHandler
                0x000000001000085a                RSV21_IRQHandler
                0x000000001000085c                RSV22_IRQHandler
                0x000000001000085e                FLC0_IRQHandler
                0x0000000010000862                GPIO1_IRQHandler
                0x0000000010000864                GPIO2_IRQHandler
                0x0000000010000866                RSV27_IRQHandler
                0x0000000010000868                DMA0_IRQHandler
                0x000000001000086a                DMA1_IRQHandler
                0x000000001000086c                DMA2_IRQHandler
                0x000000001000086e                DMA3_IRQHandler
                0x0000000010000870                RSV32_IRQHandler
                0x0000000010000872                RSV33_IRQHandler
                0x0000000010000874                UART2_IRQHandler
                0x0000000010000876                RSV35_IRQHandler
                0x0000000010000878                I2C1_IRQHandler
                0x000000001000087a                RSV37_IRQHandler
                0x000000001000087c                RSV38_IRQHandler
                0x000000001000087e                BTLE_TX_DONE_IRQHandler
                0x0000000010000880                BTLE_RX_RCVD_IRQHandler
                0x0000000010000882                BTLE_RX_ENG_DET_IRQHandler
                0x0000000010000884                BTLE_SFD_DET_IRQHandler
                0x0000000010000886                BTLE_SFD_TO_IRQHandler
                0x0000000010000888                BTLE_GP_EVENT_IRQHandler
                0x000000001000088a                BTLE_CFO_IRQHandler
                0x000000001000088c                BTLE_SIG_DET_IRQHandler
                0x000000001000088e                BTLE_AGC_EVENT_IRQHandler
                0x0000000010000890                BTLE_RFFE_SPIM_IRQHandler
                0x0000000010000892                BTLE_TX_AES_IRQHandler
                0x0000000010000894                BTLE_RX_AES_IRQHandler
                0x0000000010000896                BTLE_INV_APB_ADDR_IRQHandler
                0x0000000010000898                BTLE_IQ_DATA_VALID_IRQHandler
                0x000000001000089a                WUT0_IRQHandler
                0x000000001000089c                GPIOWAKE_IRQHandler
                0x000000001000089e                RSV55_IRQHandler
                0x00000000100008a0                SPI0_IRQHandler
                0x00000000100008a2                WDT1_IRQHandler
                0x00000000100008a4                RSV57_IRQHandler
                0x00000000100008a6                PT_IRQHandler
                0x00000000100008a8                RSV60_IRQHandler
                0x00000000100008aa                RSV61_IRQHandler
                0x00000000100008ac                I2C2_IRQHandler
                0x00000000100008ae                RISCV_IRQHandler
                0x00000000100008b0                RSV64_IRQHandler
                0x00000000100008b2                RSV65_IRQHandler
                0x00000000100008b4                RSV66_IRQHandler
                0x00000000100008b6                OWM_IRQHandler
                0x00000000100008b8                RSV68_IRQHandler
                0x00000000100008ba                RSV69_IRQHandler
                0x00000000100008bc                RSV70_IRQHandler
                0x00000000100008be                RSV71_IRQHandler
                0x00000000100008c0                RSV72_IRQHandler
                0x00000000100008c2                RSV73_IRQHandler
                0x00000000100008c4                RSV74_IRQHandler
                0x00000000100008c6                RSV75_IRQHandler
                0x00000000100008c8                RSV76_IRQHandler
                0x00000000100008ca                RSV77_IRQHandler
                0x00000000100008cc                RSV78_IRQHandler
                0x00000000100008ce                RSV79_IRQHandler
                0x00000000100008d0                RSV80_IRQHandler
                0x00000000100008d2                RSV81_IRQHandler
                0x00000000100008d4                ECC_IRQHandler
                0x00000000100008d6                DVS_IRQHandler
                0x00000000100008d8                SIMO_IRQHandler
                0x00000000100008da                RSV85_IRQHandler
                0x00000000100008dc                RSV86_IRQHandler
                0x00000000100008de                RSV87_IRQHandler
                0x00000000100008e0                UART3_IRQHandler
                0x00000000100008e2                RSV89_IRQHandler
                0x00000000100008e4                RSV90_IRQHandler
                0x00000000100008e6                RSV91_IRQHandler
                0x00000000100008e8                RSV92_IRQHandler
                0x00000000100008ea                RSV93_IRQHandler
                0x00000000100008ec                RSV94_IRQHandler
                0x00000000100008ee                RSV95_IRQHandler
                0x00000000100008f0                RSV96_IRQHandler
                0x00000000100008f2                AES_IRQHandler
                0x00000000100008f4                CRC_IRQHandler
                0x00000000100008f6                I2S_IRQHandler
                0x00000000100008f8                RSV116_IRQHandler
                0x00000000100008fa                RSV117_IRQHandler
                0x00000000100008fc                RSV118_IRQHandler
                0x00000000100008fe                LPCMP_IRQHandler
                0x0000000010000900                RSV120_IRQHandler
                0x0000000010000902                RSV121_IRQHandler
                0x0000000010000904                RSV122_IRQHandler
                0x0000000010000906                RSV123_IRQHandler
                0x0000000010000908                RSV124_IRQHandler
                0x000000001000090a                WUT1_IRQHandler
 .text._sbrk    0x0000000010000934       0x40 /home/cj/BrownbagSession/Ceedling/FTHR_I2C/build/heap.o
                0x0000000010000934                _sbrk
 .text._getpid  0x0000000010000974        0x6 /home/cj/BrownbagSession/Ceedling/FTHR_I2C/build/system_max32655.o
                0x0000000010000974                _getpid
 .text._kill    0x000000001000097a        0x6 /home/cj/BrownbagSession/Ceedling/FTHR_I2C/build/system_max32655.o
                0x000000001000097a                _kill
 .text.SystemCoreClockUpdate
                0x0000000010000980       0x80 /home/cj/BrownbagSession/Ceedling/FTHR_I2C/build/system_max32655.o
                0x0000000010000980                SystemCoreClockUpdate
 .text.PreInit  0x0000000010000a00       0x48 /home/cj/BrownbagSession/Ceedling/FTHR_I2C/build/system_max32655.o
                0x0000000010000a00                PreInit
 .text.PinInit  0x0000000010000a48        0x2 /home/cj/BrownbagSession/Ceedling/FTHR_I2C/build/system_max32655.o
                0x0000000010000a48                PinInit
 .text.PalSysInit
                0x0000000010000a4a        0x2 /home/cj/BrownbagSession/Ceedling/FTHR_I2C/build/system_max32655.o
                0x0000000010000a4a                PalSysInit
 .text.SystemInit
                0x0000000010000a4c       0x80 /home/cj/BrownbagSession/Ceedling/FTHR_I2C/build/system_max32655.o
                0x0000000010000a4c                SystemInit
 .text.MXC_DelayInit
                0x0000000010000acc       0x84 /home/cj/MaximSDK/Libraries/PeriphDrivers/bin/MAX32655/spi-v1_softfp/libPeriphDriver_spi-v1_softfp.a(mxc_delay.o)
 .text.MXC_DelayAsync
                0x0000000010000b50       0x44 /home/cj/MaximSDK/Libraries/PeriphDrivers/bin/MAX32655/spi-v1_softfp/libPeriphDriver_spi-v1_softfp.a(mxc_delay.o)
                0x0000000010000b50                MXC_DelayAsync
 .text.MXC_DelayAbort
                0x0000000010000b94       0x34 /home/cj/MaximSDK/Libraries/PeriphDrivers/bin/MAX32655/spi-v1_softfp/libPeriphDriver_spi-v1_softfp.a(mxc_delay.o)
                0x0000000010000b94                MXC_DelayAbort
 .text.MXC_DelayCheck
                0x0000000010000bc8       0x64 /home/cj/MaximSDK/Libraries/PeriphDrivers/bin/MAX32655/spi-v1_softfp/libPeriphDriver_spi-v1_softfp.a(mxc_delay.o)
                0x0000000010000bc8                MXC_DelayCheck
 .text.MXC_Delay
                0x0000000010000c2c       0x58 /home/cj/MaximSDK/Libraries/PeriphDrivers/bin/MAX32655/spi-v1_softfp/libPeriphDriver_spi-v1_softfp.a(mxc_delay.o)
                0x0000000010000c2c                MXC_Delay
 .text.MXC_SYS_ClockDisable
                0x0000000010000c84       0x48 /home/cj/MaximSDK/Libraries/PeriphDrivers/bin/MAX32655/spi-v1_softfp/libPeriphDriver_spi-v1_softfp.a(sys_me17.o)
                0x0000000010000c84                MXC_SYS_ClockDisable
 .text.MXC_SYS_ClockEnable
                0x0000000010000ccc       0x50 /home/cj/MaximSDK/Libraries/PeriphDrivers/bin/MAX32655/spi-v1_softfp/libPeriphDriver_spi-v1_softfp.a(sys_me17.o)
                0x0000000010000ccc                MXC_SYS_ClockEnable
 .text.MXC_SYS_Clock_Timeout
                0x0000000010000d1c       0x30 /home/cj/MaximSDK/Libraries/PeriphDrivers/bin/MAX32655/spi-v1_softfp/libPeriphDriver_spi-v1_softfp.a(sys_me17.o)
                0x0000000010000d1c                MXC_SYS_Clock_Timeout
 .text.MXC_SYS_ClockSourceEnable
                0x0000000010000d4c       0x9c /home/cj/MaximSDK/Libraries/PeriphDrivers/bin/MAX32655/spi-v1_softfp/libPeriphDriver_spi-v1_softfp.a(sys_me17.o)
                0x0000000010000d4c                MXC_SYS_ClockSourceEnable
 .text.MXC_SYS_Clock_Select
                0x0000000010000de8      0x19c /home/cj/MaximSDK/Libraries/PeriphDrivers/bin/MAX32655/spi-v1_softfp/libPeriphDriver_spi-v1_softfp.a(sys_me17.o)
                0x0000000010000de8                MXC_SYS_Clock_Select
 .text.MXC_SYS_GetClockDiv
                0x0000000010000f84        0xc /home/cj/MaximSDK/Libraries/PeriphDrivers/bin/MAX32655/spi-v1_softfp/libPeriphDriver_spi-v1_softfp.a(sys_me17.o)
                0x0000000010000f84                MXC_SYS_GetClockDiv
 .text.MXC_SYS_SetClockDiv
                0x0000000010000f90       0x24 /home/cj/MaximSDK/Libraries/PeriphDrivers/bin/MAX32655/spi-v1_softfp/libPeriphDriver_spi-v1_softfp.a(sys_me17.o)
                0x0000000010000f90                MXC_SYS_SetClockDiv
 .text.MXC_SYS_Reset_Periph
                0x0000000010000fb4       0x58 /home/cj/MaximSDK/Libraries/PeriphDrivers/bin/MAX32655/spi-v1_softfp/libPeriphDriver_spi-v1_softfp.a(sys_me17.o)
                0x0000000010000fb4                MXC_SYS_Reset_Periph
 .text.MXC_DMA_DeInit
                0x000000001000100c       0x10 /home/cj/MaximSDK/Libraries/PeriphDrivers/bin/MAX32655/spi-v1_softfp/libPeriphDriver_spi-v1_softfp.a(dma_me17.o)
                0x000000001000100c                MXC_DMA_DeInit
 .text.MXC_DMA_ReleaseChannel
                0x000000001000101c        0x8 /home/cj/MaximSDK/Libraries/PeriphDrivers/bin/MAX32655/spi-v1_softfp/libPeriphDriver_spi-v1_softfp.a(dma_me17.o)
                0x000000001000101c                MXC_DMA_ReleaseChannel
 .text.MXC_DMA_RevA_DeInit
                0x0000000010001024       0x34 /home/cj/MaximSDK/Libraries/PeriphDrivers/bin/MAX32655/spi-v1_softfp/libPeriphDriver_spi-v1_softfp.a(dma_reva.o)
                0x0000000010001024                MXC_DMA_RevA_DeInit
 .text.MXC_DMA_RevA_ReleaseChannel
                0x0000000010001058       0x60 /home/cj/MaximSDK/Libraries/PeriphDrivers/bin/MAX32655/spi-v1_softfp/libPeriphDriver_spi-v1_softfp.a(dma_reva.o)
                0x0000000010001058                MXC_DMA_RevA_ReleaseChannel
 .text.MXC_GPIO_Init
                0x00000000100010b8       0x36 /home/cj/MaximSDK/Libraries/PeriphDrivers/bin/MAX32655/spi-v1_softfp/libPeriphDriver_spi-v1_softfp.a(gpio_me17.o)
                0x00000000100010b8                MXC_GPIO_Init
 *fill*         0x00000000100010ee        0x2 
 .text.MXC_GPIO_OutSet
                0x00000000100010f0       0x2c /home/cj/MaximSDK/Libraries/PeriphDrivers/bin/MAX32655/spi-v1_softfp/libPeriphDriver_spi-v1_softfp.a(gpio_me17.o)
                0x00000000100010f0                MXC_GPIO_OutSet
 .text.MXC_GPIO_Handler
                0x000000001000111c        0x8 /home/cj/MaximSDK/Libraries/PeriphDrivers/bin/MAX32655/spi-v1_softfp/libPeriphDriver_spi-v1_softfp.a(gpio_me17.o)
                0x000000001000111c                MXC_GPIO_Handler
 .text.MXC_GPIO_ClearFlags
                0x0000000010001124       0x1c /home/cj/MaximSDK/Libraries/PeriphDrivers/bin/MAX32655/spi-v1_softfp/libPeriphDriver_spi-v1_softfp.a(gpio_me17.o)
                0x0000000010001124                MXC_GPIO_ClearFlags
 .text.MXC_GPIO_GetFlags
                0x0000000010001140       0x1c /home/cj/MaximSDK/Libraries/PeriphDrivers/bin/MAX32655/spi-v1_softfp/libPeriphDriver_spi-v1_softfp.a(gpio_me17.o)
                0x0000000010001140                MXC_GPIO_GetFlags
 .text.MXC_GPIO_SetVSSEL
                0x000000001000115c       0x20 /home/cj/MaximSDK/Libraries/PeriphDrivers/bin/MAX32655/spi-v1_softfp/libPeriphDriver_spi-v1_softfp.a(gpio_me17.o)
                0x000000001000115c                MXC_GPIO_SetVSSEL
 .text.MXC_GPIO_SetDriveStrength
                0x000000001000117c        0x8 /home/cj/MaximSDK/Libraries/PeriphDrivers/bin/MAX32655/spi-v1_softfp/libPeriphDriver_spi-v1_softfp.a(gpio_me17.o)
                0x000000001000117c                MXC_GPIO_SetDriveStrength
 .text.MXC_GPIO_GetConfigLock
                0x0000000010001184        0x8 /home/cj/MaximSDK/Libraries/PeriphDrivers/bin/MAX32655/spi-v1_softfp/libPeriphDriver_spi-v1_softfp.a(gpio_me17.o)
                0x0000000010001184                MXC_GPIO_GetConfigLock
 .text.MXC_GPIO_Config
                0x000000001000118c      0x290 /home/cj/MaximSDK/Libraries/PeriphDrivers/bin/MAX32655/spi-v1_softfp/libPeriphDriver_spi-v1_softfp.a(gpio_me17.o)
                0x000000001000118c                MXC_GPIO_Config
 .text.MXC_GPIO_RevA_OutSet
                0x000000001000141c        0x4 /home/cj/MaximSDK/Libraries/PeriphDrivers/bin/MAX32655/spi-v1_softfp/libPeriphDriver_spi-v1_softfp.a(gpio_reva.o)
                0x000000001000141c                MXC_GPIO_RevA_OutSet
 .text.MXC_GPIO_RevA_ClearFlags
                0x0000000010001420        0x4 /home/cj/MaximSDK/Libraries/PeriphDrivers/bin/MAX32655/spi-v1_softfp/libPeriphDriver_spi-v1_softfp.a(gpio_reva.o)
                0x0000000010001420                MXC_GPIO_RevA_ClearFlags
 .text.MXC_GPIO_RevA_GetFlags
                0x0000000010001424        0x4 /home/cj/MaximSDK/Libraries/PeriphDrivers/bin/MAX32655/spi-v1_softfp/libPeriphDriver_spi-v1_softfp.a(gpio_reva.o)
                0x0000000010001424                MXC_GPIO_RevA_GetFlags
 .text.MXC_GPIO_RevA_SetVSSEL
                0x0000000010001428       0x3e /home/cj/MaximSDK/Libraries/PeriphDrivers/bin/MAX32655/spi-v1_softfp/libPeriphDriver_spi-v1_softfp.a(gpio_reva.o)
                0x0000000010001428                MXC_GPIO_RevA_SetVSSEL
 .text.MXC_GPIO_RevA_SetAF
                0x0000000010001466       0x88 /home/cj/MaximSDK/Libraries/PeriphDrivers/bin/MAX32655/spi-v1_softfp/libPeriphDriver_spi-v1_softfp.a(gpio_reva.o)
                0x0000000010001466                MXC_GPIO_RevA_SetAF
 .text.MXC_GPIO_RevA_SetDriveStrength
                0x00000000100014ee       0x98 /home/cj/MaximSDK/Libraries/PeriphDrivers/bin/MAX32655/spi-v1_softfp/libPeriphDriver_spi-v1_softfp.a(gpio_reva.o)
                0x00000000100014ee                MXC_GPIO_RevA_SetDriveStrength
 .text.MXC_I2C_SetSlaveAddr
                0x0000000010001586       0x10 /home/cj/MaximSDK/Libraries/PeriphDrivers/bin/MAX32655/spi-v1_softfp/libPeriphDriver_spi-v1_softfp.a(i2c_me17.o)
                0x0000000010001586                MXC_I2C_SetSlaveAddr
 *fill*         0x0000000010001596        0x2 
 .text.MXC_I2C_Shutdown
                0x0000000010001598       0x58 /home/cj/MaximSDK/Libraries/PeriphDrivers/bin/MAX32655/spi-v1_softfp/libPeriphDriver_spi-v1_softfp.a(i2c_me17.o)
                0x0000000010001598                MXC_I2C_Shutdown
 .text.MXC_I2C_Init
                0x00000000100015f0       0x78 /home/cj/MaximSDK/Libraries/PeriphDrivers/bin/MAX32655/spi-v1_softfp/libPeriphDriver_spi-v1_softfp.a(i2c_me17.o)
                0x00000000100015f0                MXC_I2C_Init
 .text.MXC_I2C_SetFrequency
                0x0000000010001668        0x8 /home/cj/MaximSDK/Libraries/PeriphDrivers/bin/MAX32655/spi-v1_softfp/libPeriphDriver_spi-v1_softfp.a(i2c_me17.o)
                0x0000000010001668                MXC_I2C_SetFrequency
 .text.MXC_I2C_GetFrequency
                0x0000000010001670        0x8 /home/cj/MaximSDK/Libraries/PeriphDrivers/bin/MAX32655/spi-v1_softfp/libPeriphDriver_spi-v1_softfp.a(i2c_me17.o)
                0x0000000010001670                MXC_I2C_GetFrequency
 .text.MXC_I2C_Start
                0x0000000010001678        0x8 /home/cj/MaximSDK/Libraries/PeriphDrivers/bin/MAX32655/spi-v1_softfp/libPeriphDriver_spi-v1_softfp.a(i2c_me17.o)
                0x0000000010001678                MXC_I2C_Start
 .text.MXC_I2C_Stop
                0x0000000010001680        0x8 /home/cj/MaximSDK/Libraries/PeriphDrivers/bin/MAX32655/spi-v1_softfp/libPeriphDriver_spi-v1_softfp.a(i2c_me17.o)
                0x0000000010001680                MXC_I2C_Stop
 .text.MXC_I2C_ReadRXFIFO
                0x0000000010001688        0x8 /home/cj/MaximSDK/Libraries/PeriphDrivers/bin/MAX32655/spi-v1_softfp/libPeriphDriver_spi-v1_softfp.a(i2c_me17.o)
                0x0000000010001688                MXC_I2C_ReadRXFIFO
 .text.MXC_I2C_WriteTXFIFO
                0x0000000010001690        0x8 /home/cj/MaximSDK/Libraries/PeriphDrivers/bin/MAX32655/spi-v1_softfp/libPeriphDriver_spi-v1_softfp.a(i2c_me17.o)
                0x0000000010001690                MXC_I2C_WriteTXFIFO
 .text.MXC_I2C_ClearRXFIFO
                0x0000000010001698        0x8 /home/cj/MaximSDK/Libraries/PeriphDrivers/bin/MAX32655/spi-v1_softfp/libPeriphDriver_spi-v1_softfp.a(i2c_me17.o)
                0x0000000010001698                MXC_I2C_ClearRXFIFO
 .text.MXC_I2C_ClearTXFIFO
                0x00000000100016a0        0x8 /home/cj/MaximSDK/Libraries/PeriphDrivers/bin/MAX32655/spi-v1_softfp/libPeriphDriver_spi-v1_softfp.a(i2c_me17.o)
                0x00000000100016a0                MXC_I2C_ClearTXFIFO
 .text.MXC_I2C_ClearFlags
                0x00000000100016a8        0x8 /home/cj/MaximSDK/Libraries/PeriphDrivers/bin/MAX32655/spi-v1_softfp/libPeriphDriver_spi-v1_softfp.a(i2c_me17.o)
                0x00000000100016a8                MXC_I2C_ClearFlags
 .text.MXC_I2C_Recover
                0x00000000100016b0        0x8 /home/cj/MaximSDK/Libraries/PeriphDrivers/bin/MAX32655/spi-v1_softfp/libPeriphDriver_spi-v1_softfp.a(i2c_me17.o)
                0x00000000100016b0                MXC_I2C_Recover
 .text.MXC_I2C_MasterTransaction
                0x00000000100016b8        0x8 /home/cj/MaximSDK/Libraries/PeriphDrivers/bin/MAX32655/spi-v1_softfp/libPeriphDriver_spi-v1_softfp.a(i2c_me17.o)
                0x00000000100016b8                MXC_I2C_MasterTransaction
 .text.MXC_I2C_SetRXThreshold
                0x00000000100016c0        0x8 /home/cj/MaximSDK/Libraries/PeriphDrivers/bin/MAX32655/spi-v1_softfp/libPeriphDriver_spi-v1_softfp.a(i2c_me17.o)
                0x00000000100016c0                MXC_I2C_SetRXThreshold
 .text.MXC_I2C_SetTXThreshold
                0x00000000100016c8        0x8 /home/cj/MaximSDK/Libraries/PeriphDrivers/bin/MAX32655/spi-v1_softfp/libPeriphDriver_spi-v1_softfp.a(i2c_me17.o)
                0x00000000100016c8                MXC_I2C_SetTXThreshold
 .text.MXC_I2C_RevA_Init
                0x00000000100016d0      0x108 /home/cj/MaximSDK/Libraries/PeriphDrivers/bin/MAX32655/spi-v1_softfp/libPeriphDriver_spi-v1_softfp.a(i2c_reva.o)
                0x00000000100016d0                MXC_I2C_RevA_Init
 .text.MXC_I2C_RevA_SetSlaveAddr
                0x00000000100017d8       0x54 /home/cj/MaximSDK/Libraries/PeriphDrivers/bin/MAX32655/spi-v1_softfp/libPeriphDriver_spi-v1_softfp.a(i2c_reva.o)
                0x00000000100017d8                MXC_I2C_RevA_SetSlaveAddr
 .text.MXC_I2C_RevA_Shutdown
                0x000000001000182c       0xb4 /home/cj/MaximSDK/Libraries/PeriphDrivers/bin/MAX32655/spi-v1_softfp/libPeriphDriver_spi-v1_softfp.a(i2c_reva.o)
                0x000000001000182c                MXC_I2C_RevA_Shutdown
 .text.MXC_I2C_RevA_SetFrequency
                0x00000000100018e0       0xd4 /home/cj/MaximSDK/Libraries/PeriphDrivers/bin/MAX32655/spi-v1_softfp/libPeriphDriver_spi-v1_softfp.a(i2c_reva.o)
                0x00000000100018e0                MXC_I2C_RevA_SetFrequency
 .text.MXC_I2C_RevA_GetFrequency
                0x00000000100019b4       0x38 /home/cj/MaximSDK/Libraries/PeriphDrivers/bin/MAX32655/spi-v1_softfp/libPeriphDriver_spi-v1_softfp.a(i2c_reva.o)
                0x00000000100019b4                MXC_I2C_RevA_GetFrequency
 .text.MXC_I2C_RevA_Start
                0x00000000100019ec       0x28 /home/cj/MaximSDK/Libraries/PeriphDrivers/bin/MAX32655/spi-v1_softfp/libPeriphDriver_spi-v1_softfp.a(i2c_reva.o)
                0x00000000100019ec                MXC_I2C_RevA_Start
 .text.MXC_I2C_RevA_Stop
                0x0000000010001a14       0x1e /home/cj/MaximSDK/Libraries/PeriphDrivers/bin/MAX32655/spi-v1_softfp/libPeriphDriver_spi-v1_softfp.a(i2c_reva.o)
                0x0000000010001a14                MXC_I2C_RevA_Stop
 .text.MXC_I2C_RevA_ReadRXFIFO
                0x0000000010001a32       0x30 /home/cj/MaximSDK/Libraries/PeriphDrivers/bin/MAX32655/spi-v1_softfp/libPeriphDriver_spi-v1_softfp.a(i2c_reva.o)
                0x0000000010001a32                MXC_I2C_RevA_ReadRXFIFO
 .text.MXC_I2C_RevA_GetRXFIFOAvailable
                0x0000000010001a62       0x10 /home/cj/MaximSDK/Libraries/PeriphDrivers/bin/MAX32655/spi-v1_softfp/libPeriphDriver_spi-v1_softfp.a(i2c_reva.o)
                0x0000000010001a62                MXC_I2C_RevA_GetRXFIFOAvailable
 .text.MXC_I2C_RevA_WriteTXFIFO
                0x0000000010001a72       0x30 /home/cj/MaximSDK/Libraries/PeriphDrivers/bin/MAX32655/spi-v1_softfp/libPeriphDriver_spi-v1_softfp.a(i2c_reva.o)
                0x0000000010001a72                MXC_I2C_RevA_WriteTXFIFO
 .text.MXC_I2C_RevA_ClearRXFIFO
                0x0000000010001aa2       0x12 /home/cj/MaximSDK/Libraries/PeriphDrivers/bin/MAX32655/spi-v1_softfp/libPeriphDriver_spi-v1_softfp.a(i2c_reva.o)
                0x0000000010001aa2                MXC_I2C_RevA_ClearRXFIFO
 .text.MXC_I2C_RevA_ClearTXFIFO
                0x0000000010001ab4       0x12 /home/cj/MaximSDK/Libraries/PeriphDrivers/bin/MAX32655/spi-v1_softfp/libPeriphDriver_spi-v1_softfp.a(i2c_reva.o)
                0x0000000010001ab4                MXC_I2C_RevA_ClearTXFIFO
 .text.MXC_I2C_RevA_ClearFlags
                0x0000000010001ac6        0x6 /home/cj/MaximSDK/Libraries/PeriphDrivers/bin/MAX32655/spi-v1_softfp/libPeriphDriver_spi-v1_softfp.a(i2c_reva.o)
                0x0000000010001ac6                MXC_I2C_RevA_ClearFlags
 .text.MXC_I2C_RevA_Recover
                0x0000000010001acc       0xd8 /home/cj/MaximSDK/Libraries/PeriphDrivers/bin/MAX32655/spi-v1_softfp/libPeriphDriver_spi-v1_softfp.a(i2c_reva.o)
                0x0000000010001acc                MXC_I2C_RevA_Recover
 .text.MXC_I2C_RevA_MasterTransaction
                0x0000000010001ba4      0x1a4 /home/cj/MaximSDK/Libraries/PeriphDrivers/bin/MAX32655/spi-v1_softfp/libPeriphDriver_spi-v1_softfp.a(i2c_reva.o)
                0x0000000010001ba4                MXC_I2C_RevA_MasterTransaction
 .text.MXC_I2C_RevA_SetRXThreshold
                0x0000000010001d48       0x1e /home/cj/MaximSDK/Libraries/PeriphDrivers/bin/MAX32655/spi-v1_softfp/libPeriphDriver_spi-v1_softfp.a(i2c_reva.o)
                0x0000000010001d48                MXC_I2C_RevA_SetRXThreshold
 .text.MXC_I2C_RevA_SetTXThreshold
                0x0000000010001d66       0x20 /home/cj/MaximSDK/Libraries/PeriphDrivers/bin/MAX32655/spi-v1_softfp/libPeriphDriver_spi-v1_softfp.a(i2c_reva.o)
                0x0000000010001d66                MXC_I2C_RevA_SetTXThreshold
 .text.MXC_ICC_Enable
                0x0000000010001d86        0x8 /home/cj/MaximSDK/Libraries/PeriphDrivers/bin/MAX32655/spi-v1_softfp/libPeriphDriver_spi-v1_softfp.a(icc_me17.o)
                0x0000000010001d86                MXC_ICC_Enable
 .text.MXC_ICC_Ready
                0x0000000010001d8e        0xa /home/cj/MaximSDK/Libraries/PeriphDrivers/bin/MAX32655/spi-v1_softfp/libPeriphDriver_spi-v1_softfp.a(icc_reva.o)
 .text.MXC_ICC_RevA_Enable
                0x0000000010001d98       0x38 /home/cj/MaximSDK/Libraries/PeriphDrivers/bin/MAX32655/spi-v1_softfp/libPeriphDriver_spi-v1_softfp.a(icc_reva.o)
                0x0000000010001d98                MXC_ICC_RevA_Enable
 .text.MXC_SIMO_SetVregO_A
                0x0000000010001dd0       0x10 /home/cj/MaximSDK/Libraries/PeriphDrivers/bin/MAX32655/spi-v1_softfp/libPeriphDriver_spi-v1_softfp.a(simo_me17.o)
                0x0000000010001dd0                MXC_SIMO_SetVregO_A
 .text.MXC_SIMO_SetVregO_B
                0x0000000010001de0       0x10 /home/cj/MaximSDK/Libraries/PeriphDrivers/bin/MAX32655/spi-v1_softfp/libPeriphDriver_spi-v1_softfp.a(simo_me17.o)
                0x0000000010001de0                MXC_SIMO_SetVregO_B
 .text.MXC_SIMO_SetVregO_C
                0x0000000010001df0       0x10 /home/cj/MaximSDK/Libraries/PeriphDrivers/bin/MAX32655/spi-v1_softfp/libPeriphDriver_spi-v1_softfp.a(simo_me17.o)
                0x0000000010001df0                MXC_SIMO_SetVregO_C
 .text.MXC_SIMO_GetOutReadyA
                0x0000000010001e00       0x10 /home/cj/MaximSDK/Libraries/PeriphDrivers/bin/MAX32655/spi-v1_softfp/libPeriphDriver_spi-v1_softfp.a(simo_me17.o)
                0x0000000010001e00                MXC_SIMO_GetOutReadyA
 .text.MXC_SIMO_GetOutReadyB
                0x0000000010001e10       0x10 /home/cj/MaximSDK/Libraries/PeriphDrivers/bin/MAX32655/spi-v1_softfp/libPeriphDriver_spi-v1_softfp.a(simo_me17.o)
                0x0000000010001e10                MXC_SIMO_GetOutReadyB
 .text.MXC_SIMO_GetOutReadyC
                0x0000000010001e20       0x10 /home/cj/MaximSDK/Libraries/PeriphDrivers/bin/MAX32655/spi-v1_softfp/libPeriphDriver_spi-v1_softfp.a(simo_me17.o)
                0x0000000010001e20                MXC_SIMO_GetOutReadyC
 .text.MXC_SIMO_RevA_SetVregO_A
                0x0000000010001e30       0x30 /home/cj/MaximSDK/Libraries/PeriphDrivers/bin/MAX32655/spi-v1_softfp/libPeriphDriver_spi-v1_softfp.a(simo_reva.o)
                0x0000000010001e30                MXC_SIMO_RevA_SetVregO_A
 .text.MXC_SIMO_RevA_SetVregO_B
                0x0000000010001e60       0x30 /home/cj/MaximSDK/Libraries/PeriphDrivers/bin/MAX32655/spi-v1_softfp/libPeriphDriver_spi-v1_softfp.a(simo_reva.o)
                0x0000000010001e60                MXC_SIMO_RevA_SetVregO_B
 .text.MXC_SIMO_RevA_SetVregO_C
                0x0000000010001e90       0x30 /home/cj/MaximSDK/Libraries/PeriphDrivers/bin/MAX32655/spi-v1_softfp/libPeriphDriver_spi-v1_softfp.a(simo_reva.o)
                0x0000000010001e90                MXC_SIMO_RevA_SetVregO_C
 .text.MXC_SIMO_RevA_GetOutReadyA
                0x0000000010001ec0       0x12 /home/cj/MaximSDK/Libraries/PeriphDrivers/bin/MAX32655/spi-v1_softfp/libPeriphDriver_spi-v1_softfp.a(simo_reva.o)
                0x0000000010001ec0                MXC_SIMO_RevA_GetOutReadyA
 .text.MXC_SIMO_RevA_GetOutReadyB
                0x0000000010001ed2       0x12 /home/cj/MaximSDK/Libraries/PeriphDrivers/bin/MAX32655/spi-v1_softfp/libPeriphDriver_spi-v1_softfp.a(simo_reva.o)
                0x0000000010001ed2                MXC_SIMO_RevA_GetOutReadyB
 .text.MXC_SIMO_RevA_GetOutReadyC
                0x0000000010001ee4       0x12 /home/cj/MaximSDK/Libraries/PeriphDrivers/bin/MAX32655/spi-v1_softfp/libPeriphDriver_spi-v1_softfp.a(simo_reva.o)
                0x0000000010001ee4                MXC_SIMO_RevA_GetOutReadyC
 *fill*         0x0000000010001ef6        0x2 
 .text.MXC_SPI_Init
                0x0000000010001ef8      0x214 /home/cj/MaximSDK/Libraries/PeriphDrivers/bin/MAX32655/spi-v1_softfp/libPeriphDriver_spi-v1_softfp.a(spi_me17.o)
                0x0000000010001ef8                MXC_SPI_Init
 .text.MXC_SPI_GetPeripheralClock
                0x000000001000210c       0x7c /home/cj/MaximSDK/Libraries/PeriphDrivers/bin/MAX32655/spi-v1_softfp/libPeriphDriver_spi-v1_softfp.a(spi_me17.o)
                0x000000001000210c                MXC_SPI_GetPeripheralClock
 .text.MXC_SPI_SetFrequency
                0x0000000010002188        0x8 /home/cj/MaximSDK/Libraries/PeriphDrivers/bin/MAX32655/spi-v1_softfp/libPeriphDriver_spi-v1_softfp.a(spi_me17.o)
                0x0000000010002188                MXC_SPI_SetFrequency
 .text.MXC_SPI_SetDataSize
                0x0000000010002190        0x8 /home/cj/MaximSDK/Libraries/PeriphDrivers/bin/MAX32655/spi-v1_softfp/libPeriphDriver_spi-v1_softfp.a(spi_me17.o)
                0x0000000010002190                MXC_SPI_SetDataSize
 .text.MXC_SPI_GetDataSize
                0x0000000010002198        0x8 /home/cj/MaximSDK/Libraries/PeriphDrivers/bin/MAX32655/spi-v1_softfp/libPeriphDriver_spi-v1_softfp.a(spi_me17.o)
                0x0000000010002198                MXC_SPI_GetDataSize
 .text.MXC_SPI_SetSlave
                0x00000000100021a0        0x8 /home/cj/MaximSDK/Libraries/PeriphDrivers/bin/MAX32655/spi-v1_softfp/libPeriphDriver_spi-v1_softfp.a(spi_me17.o)
                0x00000000100021a0                MXC_SPI_SetSlave
 .text.MXC_SPI_SetWidth
                0x00000000100021a8        0x8 /home/cj/MaximSDK/Libraries/PeriphDrivers/bin/MAX32655/spi-v1_softfp/libPeriphDriver_spi-v1_softfp.a(spi_me17.o)
                0x00000000100021a8                MXC_SPI_SetWidth
 .text.MXC_SPI_GetWidth
                0x00000000100021b0        0x8 /home/cj/MaximSDK/Libraries/PeriphDrivers/bin/MAX32655/spi-v1_softfp/libPeriphDriver_spi-v1_softfp.a(spi_me17.o)
                0x00000000100021b0                MXC_SPI_GetWidth
 .text.MXC_SPI_SetMode
                0x00000000100021b8        0x8 /home/cj/MaximSDK/Libraries/PeriphDrivers/bin/MAX32655/spi-v1_softfp/libPeriphDriver_spi-v1_softfp.a(spi_me17.o)
                0x00000000100021b8                MXC_SPI_SetMode
 .text.MXC_SPI_StartTransmission
                0x00000000100021c0        0x8 /home/cj/MaximSDK/Libraries/PeriphDrivers/bin/MAX32655/spi-v1_softfp/libPeriphDriver_spi-v1_softfp.a(spi_me17.o)
                0x00000000100021c0                MXC_SPI_StartTransmission
 .text.MXC_SPI_GetActive
                0x00000000100021c8        0x8 /home/cj/MaximSDK/Libraries/PeriphDrivers/bin/MAX32655/spi-v1_softfp/libPeriphDriver_spi-v1_softfp.a(spi_me17.o)
                0x00000000100021c8                MXC_SPI_GetActive
 .text.MXC_SPI_ReadRXFIFO
                0x00000000100021d0        0x8 /home/cj/MaximSDK/Libraries/PeriphDrivers/bin/MAX32655/spi-v1_softfp/libPeriphDriver_spi-v1_softfp.a(spi_me17.o)
                0x00000000100021d0                MXC_SPI_ReadRXFIFO
 .text.MXC_SPI_GetRXFIFOAvailable
                0x00000000100021d8        0x8 /home/cj/MaximSDK/Libraries/PeriphDrivers/bin/MAX32655/spi-v1_softfp/libPeriphDriver_spi-v1_softfp.a(spi_me17.o)
                0x00000000100021d8                MXC_SPI_GetRXFIFOAvailable
 .text.MXC_SPI_WriteTXFIFO
                0x00000000100021e0        0x8 /home/cj/MaximSDK/Libraries/PeriphDrivers/bin/MAX32655/spi-v1_softfp/libPeriphDriver_spi-v1_softfp.a(spi_me17.o)
                0x00000000100021e0                MXC_SPI_WriteTXFIFO
 .text.MXC_SPI_GetTXFIFOAvailable
                0x00000000100021e8        0x8 /home/cj/MaximSDK/Libraries/PeriphDrivers/bin/MAX32655/spi-v1_softfp/libPeriphDriver_spi-v1_softfp.a(spi_me17.o)
                0x00000000100021e8                MXC_SPI_GetTXFIFOAvailable
 .text.MXC_SPI_SetRXThreshold
                0x00000000100021f0        0x8 /home/cj/MaximSDK/Libraries/PeriphDrivers/bin/MAX32655/spi-v1_softfp/libPeriphDriver_spi-v1_softfp.a(spi_me17.o)
                0x00000000100021f0                MXC_SPI_SetRXThreshold
 .text.MXC_SPI_SetTXThreshold
                0x00000000100021f8        0x8 /home/cj/MaximSDK/Libraries/PeriphDrivers/bin/MAX32655/spi-v1_softfp/libPeriphDriver_spi-v1_softfp.a(spi_me17.o)
                0x00000000100021f8                MXC_SPI_SetTXThreshold
 .text.MXC_SPI_MasterTransaction
                0x0000000010002200        0x8 /home/cj/MaximSDK/Libraries/PeriphDrivers/bin/MAX32655/spi-v1_softfp/libPeriphDriver_spi-v1_softfp.a(spi_me17.o)
                0x0000000010002200                MXC_SPI_MasterTransaction
 .text.MXC_SPI_RevA1_TransSetup
                0x0000000010002208      0x1c4 /home/cj/MaximSDK/Libraries/PeriphDrivers/bin/MAX32655/spi-v1_softfp/libPeriphDriver_spi-v1_softfp.a(spi_reva1.o)
 .text.MXC_SPI_RevA1_TransHandler
                0x00000000100023cc      0x18c /home/cj/MaximSDK/Libraries/PeriphDrivers/bin/MAX32655/spi-v1_softfp/libPeriphDriver_spi-v1_softfp.a(spi_reva1.o)
 .text.MXC_SPI_RevA1_MasterTransHandler
                0x0000000010002558       0x98 /home/cj/MaximSDK/Libraries/PeriphDrivers/bin/MAX32655/spi-v1_softfp/libPeriphDriver_spi-v1_softfp.a(spi_reva1.o)
 .text.MXC_SPI_RevA1_Init
                0x00000000100025f0      0x104 /home/cj/MaximSDK/Libraries/PeriphDrivers/bin/MAX32655/spi-v1_softfp/libPeriphDriver_spi-v1_softfp.a(spi_reva1.o)
                0x00000000100025f0                MXC_SPI_RevA1_Init
 .text.MXC_SPI_RevA1_SetFrequency
                0x00000000100026f4       0x84 /home/cj/MaximSDK/Libraries/PeriphDrivers/bin/MAX32655/spi-v1_softfp/libPeriphDriver_spi-v1_softfp.a(spi_reva1.o)
                0x00000000100026f4                MXC_SPI_RevA1_SetFrequency
 .text.MXC_SPI_RevA1_SetDataSize
                0x0000000010002778       0x9c /home/cj/MaximSDK/Libraries/PeriphDrivers/bin/MAX32655/spi-v1_softfp/libPeriphDriver_spi-v1_softfp.a(spi_reva1.o)
                0x0000000010002778                MXC_SPI_RevA1_SetDataSize
 .text.MXC_SPI_RevA1_GetDataSize
                0x0000000010002814       0x14 /home/cj/MaximSDK/Libraries/PeriphDrivers/bin/MAX32655/spi-v1_softfp/libPeriphDriver_spi-v1_softfp.a(spi_reva1.o)
                0x0000000010002814                MXC_SPI_RevA1_GetDataSize
 .text.MXC_SPI_RevA1_SetSlave
                0x0000000010002828       0x74 /home/cj/MaximSDK/Libraries/PeriphDrivers/bin/MAX32655/spi-v1_softfp/libPeriphDriver_spi-v1_softfp.a(spi_reva1.o)
                0x0000000010002828                MXC_SPI_RevA1_SetSlave
 .text.MXC_SPI_RevA1_SetWidth
                0x000000001000289c       0x3a /home/cj/MaximSDK/Libraries/PeriphDrivers/bin/MAX32655/spi-v1_softfp/libPeriphDriver_spi-v1_softfp.a(spi_reva1.o)
                0x000000001000289c                MXC_SPI_RevA1_SetWidth
 .text.MXC_SPI_RevA1_GetWidth
                0x00000000100028d6       0x28 /home/cj/MaximSDK/Libraries/PeriphDrivers/bin/MAX32655/spi-v1_softfp/libPeriphDriver_spi-v1_softfp.a(spi_reva1.o)
                0x00000000100028d6                MXC_SPI_RevA1_GetWidth
 .text.MXC_SPI_RevA1_SetMode
                0x00000000100028fe       0x56 /home/cj/MaximSDK/Libraries/PeriphDrivers/bin/MAX32655/spi-v1_softfp/libPeriphDriver_spi-v1_softfp.a(spi_reva1.o)
                0x00000000100028fe                MXC_SPI_RevA1_SetMode
 .text.MXC_SPI_RevA1_StartTransmission
                0x0000000010002954       0x1a /home/cj/MaximSDK/Libraries/PeriphDrivers/bin/MAX32655/spi-v1_softfp/libPeriphDriver_spi-v1_softfp.a(spi_reva1.o)
                0x0000000010002954                MXC_SPI_RevA1_StartTransmission
 .text.MXC_SPI_RevA1_GetActive
                0x000000001000296e       0x12 /home/cj/MaximSDK/Libraries/PeriphDrivers/bin/MAX32655/spi-v1_softfp/libPeriphDriver_spi-v1_softfp.a(spi_reva1.o)
                0x000000001000296e                MXC_SPI_RevA1_GetActive
 .text.MXC_SPI_RevA1_ReadRXFIFO
                0x0000000010002980       0x64 /home/cj/MaximSDK/Libraries/PeriphDrivers/bin/MAX32655/spi-v1_softfp/libPeriphDriver_spi-v1_softfp.a(spi_reva1.o)
                0x0000000010002980                MXC_SPI_RevA1_ReadRXFIFO
 .text.MXC_SPI_RevA1_GetRXFIFOAvailable
                0x00000000100029e4        0x8 /home/cj/MaximSDK/Libraries/PeriphDrivers/bin/MAX32655/spi-v1_softfp/libPeriphDriver_spi-v1_softfp.a(spi_reva1.o)
                0x00000000100029e4                MXC_SPI_RevA1_GetRXFIFOAvailable
 .text.MXC_SPI_RevA1_WriteTXFIFO
                0x00000000100029ec       0x60 /home/cj/MaximSDK/Libraries/PeriphDrivers/bin/MAX32655/spi-v1_softfp/libPeriphDriver_spi-v1_softfp.a(spi_reva1.o)
                0x00000000100029ec                MXC_SPI_RevA1_WriteTXFIFO
 .text.MXC_SPI_RevA1_GetTXFIFOAvailable
                0x0000000010002a4c        0xc /home/cj/MaximSDK/Libraries/PeriphDrivers/bin/MAX32655/spi-v1_softfp/libPeriphDriver_spi-v1_softfp.a(spi_reva1.o)
                0x0000000010002a4c                MXC_SPI_RevA1_GetTXFIFOAvailable
 .text.MXC_SPI_RevA1_SetRXThreshold
                0x0000000010002a58       0x1e /home/cj/MaximSDK/Libraries/PeriphDrivers/bin/MAX32655/spi-v1_softfp/libPeriphDriver_spi-v1_softfp.a(spi_reva1.o)
                0x0000000010002a58                MXC_SPI_RevA1_SetRXThreshold
 .text.MXC_SPI_RevA1_SetTXThreshold
                0x0000000010002a76       0x1e /home/cj/MaximSDK/Libraries/PeriphDrivers/bin/MAX32655/spi-v1_softfp/libPeriphDriver_spi-v1_softfp.a(spi_reva1.o)
                0x0000000010002a76                MXC_SPI_RevA1_SetTXThreshold
 .text.MXC_SPI_RevA1_MasterTransaction
                0x0000000010002a94       0x5c /home/cj/MaximSDK/Libraries/PeriphDrivers/bin/MAX32655/spi-v1_softfp/libPeriphDriver_spi-v1_softfp.a(spi_reva1.o)
                0x0000000010002a94                MXC_SPI_RevA1_MasterTransaction
 .text.MXC_UART_Shutdown
                0x0000000010002af0       0x70 /home/cj/MaximSDK/Libraries/PeriphDrivers/bin/MAX32655/spi-v1_softfp/libPeriphDriver_spi-v1_softfp.a(uart_me17.o)
                0x0000000010002af0                MXC_UART_Shutdown
 .text.MXC_UART_SetFrequency
                0x0000000010002b60       0xa4 /home/cj/MaximSDK/Libraries/PeriphDrivers/bin/MAX32655/spi-v1_softfp/libPeriphDriver_spi-v1_softfp.a(uart_me17.o)
                0x0000000010002b60                MXC_UART_SetFrequency
 .text.MXC_UART_SetDataSize
                0x0000000010002c04        0x8 /home/cj/MaximSDK/Libraries/PeriphDrivers/bin/MAX32655/spi-v1_softfp/libPeriphDriver_spi-v1_softfp.a(uart_me17.o)
                0x0000000010002c04                MXC_UART_SetDataSize
 .text.MXC_UART_SetStopBits
                0x0000000010002c0c        0x8 /home/cj/MaximSDK/Libraries/PeriphDrivers/bin/MAX32655/spi-v1_softfp/libPeriphDriver_spi-v1_softfp.a(uart_me17.o)
                0x0000000010002c0c                MXC_UART_SetStopBits
 .text.MXC_UART_SetParity
                0x0000000010002c14        0x8 /home/cj/MaximSDK/Libraries/PeriphDrivers/bin/MAX32655/spi-v1_softfp/libPeriphDriver_spi-v1_softfp.a(uart_me17.o)
                0x0000000010002c14                MXC_UART_SetParity
 .text.MXC_UART_SetClockSource
                0x0000000010002c1c       0x8c /home/cj/MaximSDK/Libraries/PeriphDrivers/bin/MAX32655/spi-v1_softfp/libPeriphDriver_spi-v1_softfp.a(uart_me17.o)
                0x0000000010002c1c                MXC_UART_SetClockSource
 .text.MXC_UART_GetClockSource
                0x0000000010002ca8       0x50 /home/cj/MaximSDK/Libraries/PeriphDrivers/bin/MAX32655/spi-v1_softfp/libPeriphDriver_spi-v1_softfp.a(uart_me17.o)
                0x0000000010002ca8                MXC_UART_GetClockSource
 .text.MXC_UART_Init
                0x0000000010002cf8       0xa8 /home/cj/MaximSDK/Libraries/PeriphDrivers/bin/MAX32655/spi-v1_softfp/libPeriphDriver_spi-v1_softfp.a(uart_me17.o)
                0x0000000010002cf8                MXC_UART_Init
 .text.MXC_UART_ReadCharacterRaw
                0x0000000010002da0        0x8 /home/cj/MaximSDK/Libraries/PeriphDrivers/bin/MAX32655/spi-v1_softfp/libPeriphDriver_spi-v1_softfp.a(uart_me17.o)
                0x0000000010002da0                MXC_UART_ReadCharacterRaw
 .text.MXC_UART_WriteCharacterRaw
                0x0000000010002da8        0x8 /home/cj/MaximSDK/Libraries/PeriphDrivers/bin/MAX32655/spi-v1_softfp/libPeriphDriver_spi-v1_softfp.a(uart_me17.o)
                0x0000000010002da8                MXC_UART_WriteCharacterRaw
 .text.MXC_UART_ReadCharacter
                0x0000000010002db0        0x8 /home/cj/MaximSDK/Libraries/PeriphDrivers/bin/MAX32655/spi-v1_softfp/libPeriphDriver_spi-v1_softfp.a(uart_me17.o)
                0x0000000010002db0                MXC_UART_ReadCharacter
 .text.MXC_UART_WriteCharacter
                0x0000000010002db8        0x8 /home/cj/MaximSDK/Libraries/PeriphDrivers/bin/MAX32655/spi-v1_softfp/libPeriphDriver_spi-v1_softfp.a(uart_me17.o)
                0x0000000010002db8                MXC_UART_WriteCharacter
 .text.MXC_UART_GetRXFIFOAvailable
                0x0000000010002dc0        0x8 /home/cj/MaximSDK/Libraries/PeriphDrivers/bin/MAX32655/spi-v1_softfp/libPeriphDriver_spi-v1_softfp.a(uart_me17.o)
                0x0000000010002dc0                MXC_UART_GetRXFIFOAvailable
 .text.MXC_UART_GetTXFIFOAvailable
                0x0000000010002dc8        0x8 /home/cj/MaximSDK/Libraries/PeriphDrivers/bin/MAX32655/spi-v1_softfp/libPeriphDriver_spi-v1_softfp.a(uart_me17.o)
                0x0000000010002dc8                MXC_UART_GetTXFIFOAvailable
 .text.MXC_UART_SetRXThreshold
                0x0000000010002dd0        0x8 /home/cj/MaximSDK/Libraries/PeriphDrivers/bin/MAX32655/spi-v1_softfp/libPeriphDriver_spi-v1_softfp.a(uart_me17.o)
                0x0000000010002dd0                MXC_UART_SetRXThreshold
 .text.MXC_UART_RevB_Init
                0x0000000010002dd8       0xe0 /home/cj/MaximSDK/Libraries/PeriphDrivers/bin/MAX32655/spi-v1_softfp/libPeriphDriver_spi-v1_softfp.a(uart_revb.o)
                0x0000000010002dd8                MXC_UART_RevB_Init
 .text.MXC_UART_RevB_SetFrequency
                0x0000000010002eb8       0x1e /home/cj/MaximSDK/Libraries/PeriphDrivers/bin/MAX32655/spi-v1_softfp/libPeriphDriver_spi-v1_softfp.a(uart_revb.o)
                0x0000000010002eb8                MXC_UART_RevB_SetFrequency
 .text.MXC_UART_RevB_SetDataSize
                0x0000000010002ed6       0x20 /home/cj/MaximSDK/Libraries/PeriphDrivers/bin/MAX32655/spi-v1_softfp/libPeriphDriver_spi-v1_softfp.a(uart_revb.o)
                0x0000000010002ed6                MXC_UART_RevB_SetDataSize
 .text.MXC_UART_RevB_SetStopBits
                0x0000000010002ef6       0x24 /home/cj/MaximSDK/Libraries/PeriphDrivers/bin/MAX32655/spi-v1_softfp/libPeriphDriver_spi-v1_softfp.a(uart_revb.o)
                0x0000000010002ef6                MXC_UART_RevB_SetStopBits
 .text.MXC_UART_RevB_SetParity
                0x0000000010002f1a       0x90 /home/cj/MaximSDK/Libraries/PeriphDrivers/bin/MAX32655/spi-v1_softfp/libPeriphDriver_spi-v1_softfp.a(uart_revb.o)
                0x0000000010002f1a                MXC_UART_RevB_SetParity
 *fill*         0x0000000010002faa        0x2 
 .text.MXC_UART_RevB_SetClockSource
                0x0000000010002fac       0x98 /home/cj/MaximSDK/Libraries/PeriphDrivers/bin/MAX32655/spi-v1_softfp/libPeriphDriver_spi-v1_softfp.a(uart_revb.o)
                0x0000000010002fac                MXC_UART_RevB_SetClockSource
 .text.MXC_UART_RevB_GetClockSource
                0x0000000010003044        0x8 /home/cj/MaximSDK/Libraries/PeriphDrivers/bin/MAX32655/spi-v1_softfp/libPeriphDriver_spi-v1_softfp.a(uart_revb.o)
                0x0000000010003044                MXC_UART_RevB_GetClockSource
 .text.MXC_UART_RevB_ReadCharacterRaw
                0x000000001000304c       0x12 /home/cj/MaximSDK/Libraries/PeriphDrivers/bin/MAX32655/spi-v1_softfp/libPeriphDriver_spi-v1_softfp.a(uart_revb.o)
                0x000000001000304c                MXC_UART_RevB_ReadCharacterRaw
 .text.MXC_UART_RevB_WriteCharacterRaw
                0x000000001000305e       0x14 /home/cj/MaximSDK/Libraries/PeriphDrivers/bin/MAX32655/spi-v1_softfp/libPeriphDriver_spi-v1_softfp.a(uart_revb.o)
                0x000000001000305e                MXC_UART_RevB_WriteCharacterRaw
 .text.MXC_UART_RevB_GetRXFIFOAvailable
                0x0000000010003072        0x8 /home/cj/MaximSDK/Libraries/PeriphDrivers/bin/MAX32655/spi-v1_softfp/libPeriphDriver_spi-v1_softfp.a(uart_revb.o)
                0x0000000010003072                MXC_UART_RevB_GetRXFIFOAvailable
 .text.MXC_UART_RevB_GetTXFIFOAvailable
                0x000000001000307a        0xc /home/cj/MaximSDK/Libraries/PeriphDrivers/bin/MAX32655/spi-v1_softfp/libPeriphDriver_spi-v1_softfp.a(uart_revb.o)
                0x000000001000307a                MXC_UART_RevB_GetTXFIFOAvailable
 .text.MXC_UART_RevB_SetRXThreshold
                0x0000000010003086       0x1e /home/cj/MaximSDK/Libraries/PeriphDrivers/bin/MAX32655/spi-v1_softfp/libPeriphDriver_spi-v1_softfp.a(uart_revb.o)
                0x0000000010003086                MXC_UART_RevB_SetRXThreshold
 .text.MXC_GetLock
                0x00000000100030a4       0x1c /home/cj/MaximSDK/Libraries/PeriphDrivers/bin/MAX32655/spi-v1_softfp/libPeriphDriver_spi-v1_softfp.a(mxc_lock.o)
                0x00000000100030a4                MXC_GetLock
 .text.MXC_FreeLock
                0x00000000100030c0        0xa /home/cj/MaximSDK/Libraries/PeriphDrivers/bin/MAX32655/spi-v1_softfp/libPeriphDriver_spi-v1_softfp.a(mxc_lock.o)
                0x00000000100030c0                MXC_FreeLock
 *fill*         0x00000000100030ca        0x2 
 .text.MXC_GPIO_Common_Init
                0x00000000100030cc       0x40 /home/cj/MaximSDK/Libraries/PeriphDrivers/bin/MAX32655/spi-v1_softfp/libPeriphDriver_spi-v1_softfp.a(gpio_common.o)
                0x00000000100030cc                MXC_GPIO_Common_Init
 .text.MXC_GPIO_Common_Handler
                0x000000001000310c       0x90 /home/cj/MaximSDK/Libraries/PeriphDrivers/bin/MAX32655/spi-v1_softfp/libPeriphDriver_spi-v1_softfp.a(gpio_common.o)
                0x000000001000310c                MXC_GPIO_Common_Handler
 .text.MXC_GPIO_Common_GetConfigLock
                0x000000001000319c        0xc /home/cj/MaximSDK/Libraries/PeriphDrivers/bin/MAX32655/spi-v1_softfp/libPeriphDriver_spi-v1_softfp.a(gpio_common.o)
                0x000000001000319c                MXC_GPIO_Common_GetConfigLock
 .text.MXC_UART_Common_ReadCharacter
                0x00000000100031a8       0x16 /home/cj/MaximSDK/Libraries/PeriphDrivers/bin/MAX32655/spi-v1_softfp/libPeriphDriver_spi-v1_softfp.a(uart_common.o)
                0x00000000100031a8                MXC_UART_Common_ReadCharacter
 .text.MXC_UART_Common_WriteCharacter
                0x00000000100031be       0x1a /home/cj/MaximSDK/Libraries/PeriphDrivers/bin/MAX32655/spi-v1_softfp/libPeriphDriver_spi-v1_softfp.a(uart_common.o)
                0x00000000100031be                MXC_UART_Common_WriteCharacter
 .text.__errno  0x00000000100031d8        0xc /home/cj/MaximSDK/Tools/GNUTools/10.3/bin/../lib/gcc/arm-none-eabi/10.3.1/../../../../arm-none-eabi/lib/thumb/v7e-m+fp/softfp/libc.a(lib_a-errno.o)
                0x00000000100031d8                __errno
 .text.__libc_init_array
                0x00000000100031e4       0x48 /home/cj/MaximSDK/Tools/GNUTools/10.3/bin/../lib/gcc/arm-none-eabi/10.3.1/../../../../arm-none-eabi/lib/thumb/v7e-m+fp/softfp/libc.a(lib_a-init.o)
                0x00000000100031e4                __libc_init_array
 .text.malloc   0x000000001000322c       0x10 /home/cj/MaximSDK/Tools/GNUTools/10.3/bin/../lib/gcc/arm-none-eabi/10.3.1/../../../../arm-none-eabi/lib/thumb/v7e-m+fp/softfp/libc.a(lib_a-malloc.o)
                0x000000001000322c                malloc
 .text.free     0x000000001000323c       0x10 /home/cj/MaximSDK/Tools/GNUTools/10.3/bin/../lib/gcc/arm-none-eabi/10.3.1/../../../../arm-none-eabi/lib/thumb/v7e-m+fp/softfp/libc.a(lib_a-malloc.o)
                0x000000001000323c                free
 .text._malloc_r
                0x000000001000324c      0x560 /home/cj/MaximSDK/Tools/GNUTools/10.3/bin/../lib/gcc/arm-none-eabi/10.3.1/../../../../arm-none-eabi/lib/thumb/v7e-m+fp/softfp/libc.a(lib_a-mallocr.o)
                0x000000001000324c                _malloc_r
 .text          0x00000000100037ac      0x134 /home/cj/MaximSDK/Tools/GNUTools/10.3/bin/../lib/gcc/arm-none-eabi/10.3.1/../../../../arm-none-eabi/lib/thumb/v7e-m+fp/softfp/libc.a(lib_a-memcpy.o)
                0x00000000100037ac                memcpy
 .text.memset   0x00000000100038e0       0xa4 /home/cj/MaximSDK/Tools/GNUTools/10.3/bin/../lib/gcc/arm-none-eabi/10.3.1/../../../../arm-none-eabi/lib/thumb/v7e-m+fp/softfp/libc.a(lib_a-memset.o)
                0x00000000100038e0                memset
 .text.__malloc_lock
                0x0000000010003984        0xc /home/cj/MaximSDK/Tools/GNUTools/10.3/bin/../lib/gcc/arm-none-eabi/10.3.1/../../../../arm-none-eabi/lib/thumb/v7e-m+fp/softfp/libc.a(lib_a-mlock.o)
                0x0000000010003984                __malloc_lock
 .text.__malloc_unlock
                0x0000000010003990        0xc /home/cj/MaximSDK/Tools/GNUTools/10.3/bin/../lib/gcc/arm-none-eabi/10.3.1/../../../../arm-none-eabi/lib/thumb/v7e-m+fp/softfp/libc.a(lib_a-mlock.o)
                0x0000000010003990                __malloc_unlock
 .text.printf   0x000000001000399c       0x28 /home/cj/MaximSDK/Tools/GNUTools/10.3/bin/../lib/gcc/arm-none-eabi/10.3.1/../../../../arm-none-eabi/lib/thumb/v7e-m+fp/softfp/libc.a(lib_a-printf.o)
                0x000000001000399c                printf
 .text._puts_r  0x00000000100039c4       0x9c /home/cj/MaximSDK/Tools/GNUTools/10.3/bin/../lib/gcc/arm-none-eabi/10.3.1/../../../../arm-none-eabi/lib/thumb/v7e-m+fp/softfp/libc.a(lib_a-puts.o)
                0x00000000100039c4                _puts_r
 .text.puts     0x0000000010003a60       0x10 /home/cj/MaximSDK/Tools/GNUTools/10.3/bin/../lib/gcc/arm-none-eabi/10.3.1/../../../../arm-none-eabi/lib/thumb/v7e-m+fp/softfp/libc.a(lib_a-puts.o)
                0x0000000010003a60                puts
 .text._sbrk_r  0x0000000010003a70       0x24 /home/cj/MaximSDK/Tools/GNUTools/10.3/bin/../lib/gcc/arm-none-eabi/10.3.1/../../../../arm-none-eabi/lib/thumb/v7e-m+fp/softfp/libc.a(lib_a-sbrkr.o)
                0x0000000010003a70                _sbrk_r
 *fill*         0x0000000010003a94       0x2c 
 .text          0x0000000010003ac0       0xdc /home/cj/MaximSDK/Tools/GNUTools/10.3/bin/../lib/gcc/arm-none-eabi/10.3.1/../../../../arm-none-eabi/lib/thumb/v7e-m+fp/softfp/libc.a(lib_a-strlen.o)
                0x0000000010003ac0                strlen
 *fill*         0x0000000010003b9c        0x4 
 .text._vfprintf_r
                0x0000000010003ba0     0x1b8c /home/cj/MaximSDK/Tools/GNUTools/10.3/bin/../lib/gcc/arm-none-eabi/10.3.1/../../../../arm-none-eabi/lib/thumb/v7e-m+fp/softfp/libc.a(lib_a-vfprintf.o)
                0x0000000010003ba0                _vfprintf_r
 .text.__sbprintf
                0x000000001000572c       0x80 /home/cj/MaximSDK/Tools/GNUTools/10.3/bin/../lib/gcc/arm-none-eabi/10.3.1/../../../../arm-none-eabi/lib/thumb/v7e-m+fp/softfp/libc.a(lib_a-vfprintf.o)
 .text.__swsetup_r
                0x00000000100057ac       0xd4 /home/cj/MaximSDK/Tools/GNUTools/10.3/bin/../lib/gcc/arm-none-eabi/10.3.1/../../../../arm-none-eabi/lib/thumb/v7e-m+fp/softfp/libc.a(lib_a-wsetup.o)
                0x00000000100057ac                __swsetup_r
 .text.startup.register_fini
                0x0000000010005880       0x14 /home/cj/MaximSDK/Tools/GNUTools/10.3/bin/../lib/gcc/arm-none-eabi/10.3.1/../../../../arm-none-eabi/lib/thumb/v7e-m+fp/softfp/libc.a(lib_a-__call_atexit.o)
 .text.atexit   0x0000000010005894        0xc /home/cj/MaximSDK/Tools/GNUTools/10.3/bin/../lib/gcc/arm-none-eabi/10.3.1/../../../../arm-none-eabi/lib/thumb/v7e-m+fp/softfp/libc.a(lib_a-atexit.o)
                0x0000000010005894                atexit
 .text.quorem   0x00000000100058a0      0x128 /home/cj/MaximSDK/Tools/GNUTools/10.3/bin/../lib/gcc/arm-none-eabi/10.3.1/../../../../arm-none-eabi/lib/thumb/v7e-m+fp/softfp/libc.a(lib_a-dtoa.o)
 .text._dtoa_r  0x00000000100059c8      0xf34 /home/cj/MaximSDK/Tools/GNUTools/10.3/bin/../lib/gcc/arm-none-eabi/10.3.1/../../../../arm-none-eabi/lib/thumb/v7e-m+fp/softfp/libc.a(lib_a-dtoa.o)
                0x00000000100059c8                _dtoa_r
 .text.__sflush_r
                0x00000000100068fc      0x130 /home/cj/MaximSDK/Tools/GNUTools/10.3/bin/../lib/gcc/arm-none-eabi/10.3.1/../../../../arm-none-eabi/lib/thumb/v7e-m+fp/softfp/libc.a(lib_a-fflush.o)
                0x00000000100068fc                __sflush_r
 .text._fflush_r
                0x0000000010006a2c       0x5c /home/cj/MaximSDK/Tools/GNUTools/10.3/bin/../lib/gcc/arm-none-eabi/10.3.1/../../../../arm-none-eabi/lib/thumb/v7e-m+fp/softfp/libc.a(lib_a-fflush.o)
                0x0000000010006a2c                _fflush_r
 .text._cleanup_r
                0x0000000010006a88        0xc /home/cj/MaximSDK/Tools/GNUTools/10.3/bin/../lib/gcc/arm-none-eabi/10.3.1/../../../../arm-none-eabi/lib/thumb/v7e-m+fp/softfp/libc.a(lib_a-findfp.o)
                0x0000000010006a88                _cleanup_r
 .text.__sinit  0x0000000010006a94      0x10c /home/cj/MaximSDK/Tools/GNUTools/10.3/bin/../lib/gcc/arm-none-eabi/10.3.1/../../../../arm-none-eabi/lib/thumb/v7e-m+fp/softfp/libc.a(lib_a-findfp.o)
                0x0000000010006a94                __sinit
 .text.__sfp_lock_acquire
                0x0000000010006ba0        0xc /home/cj/MaximSDK/Tools/GNUTools/10.3/bin/../lib/gcc/arm-none-eabi/10.3.1/../../../../arm-none-eabi/lib/thumb/v7e-m+fp/softfp/libc.a(lib_a-findfp.o)
                0x0000000010006ba0                __sfp_lock_acquire
 .text.__sfp_lock_release
                0x0000000010006bac        0xc /home/cj/MaximSDK/Tools/GNUTools/10.3/bin/../lib/gcc/arm-none-eabi/10.3.1/../../../../arm-none-eabi/lib/thumb/v7e-m+fp/softfp/libc.a(lib_a-findfp.o)
                0x0000000010006bac                __sfp_lock_release
 .text.__libc_fini_array
                0x0000000010006bb8       0x2c /home/cj/MaximSDK/Tools/GNUTools/10.3/bin/../lib/gcc/arm-none-eabi/10.3.1/../../../../arm-none-eabi/lib/thumb/v7e-m+fp/softfp/libc.a(lib_a-fini.o)
                0x0000000010006bb8                __libc_fini_array
 .text._malloc_trim_r
                0x0000000010006be4       0xa0 /home/cj/MaximSDK/Tools/GNUTools/10.3/bin/../lib/gcc/arm-none-eabi/10.3.1/../../../../arm-none-eabi/lib/thumb/v7e-m+fp/softfp/libc.a(lib_a-freer.o)
                0x0000000010006be4                _malloc_trim_r
 .text._free_r  0x0000000010006c84      0x20c /home/cj/MaximSDK/Tools/GNUTools/10.3/bin/../lib/gcc/arm-none-eabi/10.3.1/../../../../arm-none-eabi/lib/thumb/v7e-m+fp/softfp/libc.a(lib_a-freer.o)
                0x0000000010006c84                _free_r
 .text.__sfvwrite_r
                0x0000000010006e90      0x2f0 /home/cj/MaximSDK/Tools/GNUTools/10.3/bin/../lib/gcc/arm-none-eabi/10.3.1/../../../../arm-none-eabi/lib/thumb/v7e-m+fp/softfp/libc.a(lib_a-fvwrite.o)
                0x0000000010006e90                __sfvwrite_r
 .text._fwalk_reent
                0x0000000010007180       0x48 /home/cj/MaximSDK/Tools/GNUTools/10.3/bin/../lib/gcc/arm-none-eabi/10.3.1/../../../../arm-none-eabi/lib/thumb/v7e-m+fp/softfp/libc.a(lib_a-fwalk.o)
                0x0000000010007180                _fwalk_reent
 .text._localeconv_r
                0x00000000100071c8        0x8 /home/cj/MaximSDK/Tools/GNUTools/10.3/bin/../lib/gcc/arm-none-eabi/10.3.1/../../../../arm-none-eabi/lib/thumb/v7e-m+fp/softfp/libc.a(lib_a-localeconv.o)
                0x00000000100071c8                _localeconv_r
 .text.__retarget_lock_init_recursive
                0x00000000100071d0        0x4 /home/cj/MaximSDK/Tools/GNUTools/10.3/bin/../lib/gcc/arm-none-eabi/10.3.1/../../../../arm-none-eabi/lib/thumb/v7e-m+fp/softfp/libc.a(lib_a-lock.o)
                0x00000000100071d0                __retarget_lock_init_recursive
 .text.__retarget_lock_close_recursive
                0x00000000100071d4        0x4 /home/cj/MaximSDK/Tools/GNUTools/10.3/bin/../lib/gcc/arm-none-eabi/10.3.1/../../../../arm-none-eabi/lib/thumb/v7e-m+fp/softfp/libc.a(lib_a-lock.o)
                0x00000000100071d4                __retarget_lock_close_recursive
 .text.__retarget_lock_acquire_recursive
                0x00000000100071d8        0x4 /home/cj/MaximSDK/Tools/GNUTools/10.3/bin/../lib/gcc/arm-none-eabi/10.3.1/../../../../arm-none-eabi/lib/thumb/v7e-m+fp/softfp/libc.a(lib_a-lock.o)
                0x00000000100071d8                __retarget_lock_acquire_recursive
 .text.__retarget_lock_release_recursive
                0x00000000100071dc        0x4 /home/cj/MaximSDK/Tools/GNUTools/10.3/bin/../lib/gcc/arm-none-eabi/10.3.1/../../../../arm-none-eabi/lib/thumb/v7e-m+fp/softfp/libc.a(lib_a-lock.o)
                0x00000000100071dc                __retarget_lock_release_recursive
 .text.__smakebuf_r
                0x00000000100071e0       0xe0 /home/cj/MaximSDK/Tools/GNUTools/10.3/bin/../lib/gcc/arm-none-eabi/10.3.1/../../../../arm-none-eabi/lib/thumb/v7e-m+fp/softfp/libc.a(lib_a-makebuf.o)
                0x00000000100071e0                __smakebuf_r
 .text          0x00000000100072c0       0xa0 /home/cj/MaximSDK/Tools/GNUTools/10.3/bin/../lib/gcc/arm-none-eabi/10.3.1/../../../../arm-none-eabi/lib/thumb/v7e-m+fp/softfp/libc.a(lib_a-memchr.o)
                0x00000000100072c0                memchr
 .text.memmove  0x0000000010007360       0xf8 /home/cj/MaximSDK/Tools/GNUTools/10.3/bin/../lib/gcc/arm-none-eabi/10.3.1/../../../../arm-none-eabi/lib/thumb/v7e-m+fp/softfp/libc.a(lib_a-memmove.o)
                0x0000000010007360                memmove
 .text._Balloc  0x0000000010007458       0x4c /home/cj/MaximSDK/Tools/GNUTools/10.3/bin/../lib/gcc/arm-none-eabi/10.3.1/../../../../arm-none-eabi/lib/thumb/v7e-m+fp/softfp/libc.a(lib_a-mprec.o)
                0x0000000010007458                _Balloc
 .text._Bfree   0x00000000100074a4       0x14 /home/cj/MaximSDK/Tools/GNUTools/10.3/bin/../lib/gcc/arm-none-eabi/10.3.1/../../../../arm-none-eabi/lib/thumb/v7e-m+fp/softfp/libc.a(lib_a-mprec.o)
                0x00000000100074a4                _Bfree
 .text.__multadd
                0x00000000100074b8       0xa8 /home/cj/MaximSDK/Tools/GNUTools/10.3/bin/../lib/gcc/arm-none-eabi/10.3.1/../../../../arm-none-eabi/lib/thumb/v7e-m+fp/softfp/libc.a(lib_a-mprec.o)
                0x00000000100074b8                __multadd
 .text.__hi0bits
                0x0000000010007560       0x40 /home/cj/MaximSDK/Tools/GNUTools/10.3/bin/../lib/gcc/arm-none-eabi/10.3.1/../../../../arm-none-eabi/lib/thumb/v7e-m+fp/softfp/libc.a(lib_a-mprec.o)
                0x0000000010007560                __hi0bits
 .text.__lo0bits
                0x00000000100075a0       0x60 /home/cj/MaximSDK/Tools/GNUTools/10.3/bin/../lib/gcc/arm-none-eabi/10.3.1/../../../../arm-none-eabi/lib/thumb/v7e-m+fp/softfp/libc.a(lib_a-mprec.o)
                0x00000000100075a0                __lo0bits
 .text.__i2b    0x0000000010007600       0x5c /home/cj/MaximSDK/Tools/GNUTools/10.3/bin/../lib/gcc/arm-none-eabi/10.3.1/../../../../arm-none-eabi/lib/thumb/v7e-m+fp/softfp/libc.a(lib_a-mprec.o)
                0x0000000010007600                __i2b
 .text.__multiply
                0x000000001000765c      0x15c /home/cj/MaximSDK/Tools/GNUTools/10.3/bin/../lib/gcc/arm-none-eabi/10.3.1/../../../../arm-none-eabi/lib/thumb/v7e-m+fp/softfp/libc.a(lib_a-mprec.o)
                0x000000001000765c                __multiply
 .text.__pow5mult
                0x00000000100077b8       0xc0 /home/cj/MaximSDK/Tools/GNUTools/10.3/bin/../lib/gcc/arm-none-eabi/10.3.1/../../../../arm-none-eabi/lib/thumb/v7e-m+fp/softfp/libc.a(lib_a-mprec.o)
                0x00000000100077b8                __pow5mult
 .text.__lshift
                0x0000000010007878       0xf0 /home/cj/MaximSDK/Tools/GNUTools/10.3/bin/../lib/gcc/arm-none-eabi/10.3.1/../../../../arm-none-eabi/lib/thumb/v7e-m+fp/softfp/libc.a(lib_a-mprec.o)
                0x0000000010007878                __lshift
 .text.__mcmp   0x0000000010007968       0x44 /home/cj/MaximSDK/Tools/GNUTools/10.3/bin/../lib/gcc/arm-none-eabi/10.3.1/../../../../arm-none-eabi/lib/thumb/v7e-m+fp/softfp/libc.a(lib_a-mprec.o)
                0x0000000010007968                __mcmp
 .text.__mdiff  0x00000000100079ac      0x14c /home/cj/MaximSDK/Tools/GNUTools/10.3/bin/../lib/gcc/arm-none-eabi/10.3.1/../../../../arm-none-eabi/lib/thumb/v7e-m+fp/softfp/libc.a(lib_a-mprec.o)
                0x00000000100079ac                __mdiff
 .text.__d2b    0x0000000010007af8       0xc4 /home/cj/MaximSDK/Tools/GNUTools/10.3/bin/../lib/gcc/arm-none-eabi/10.3.1/../../../../arm-none-eabi/lib/thumb/v7e-m+fp/softfp/libc.a(lib_a-mprec.o)
                0x0000000010007af8                __d2b
 .text._realloc_r
                0x0000000010007bbc      0x3d8 /home/cj/MaximSDK/Tools/GNUTools/10.3/bin/../lib/gcc/arm-none-eabi/10.3.1/../../../../arm-none-eabi/lib/thumb/v7e-m+fp/softfp/libc.a(lib_a-reallocr.o)
                0x0000000010007bbc                _realloc_r
 .text.frexp    0x0000000010007f94       0x70 /home/cj/MaximSDK/Tools/GNUTools/10.3/bin/../lib/gcc/arm-none-eabi/10.3.1/../../../../arm-none-eabi/lib/thumb/v7e-m+fp/softfp/libc.a(lib_a-s_frexp.o)
                0x0000000010007f94                frexp
 .text.__sread  0x0000000010008004       0x24 /home/cj/MaximSDK/Tools/GNUTools/10.3/bin/../lib/gcc/arm-none-eabi/10.3.1/../../../../arm-none-eabi/lib/thumb/v7e-m+fp/softfp/libc.a(lib_a-stdio.o)
                0x0000000010008004                __sread
 .text.__swrite
                0x0000000010008028       0x40 /home/cj/MaximSDK/Tools/GNUTools/10.3/bin/../lib/gcc/arm-none-eabi/10.3.1/../../../../arm-none-eabi/lib/thumb/v7e-m+fp/softfp/libc.a(lib_a-stdio.o)
                0x0000000010008028                __swrite
 .text.__sseek  0x0000000010008068       0x20 /home/cj/MaximSDK/Tools/GNUTools/10.3/bin/../lib/gcc/arm-none-eabi/10.3.1/../../../../arm-none-eabi/lib/thumb/v7e-m+fp/softfp/libc.a(lib_a-stdio.o)
                0x0000000010008068                __sseek
 .text.__sclose
                0x0000000010008088        0x8 /home/cj/MaximSDK/Tools/GNUTools/10.3/bin/../lib/gcc/arm-none-eabi/10.3.1/../../../../arm-none-eabi/lib/thumb/v7e-m+fp/softfp/libc.a(lib_a-stdio.o)
                0x0000000010008088                __sclose
 .text.strncpy  0x0000000010008090       0x64 /home/cj/MaximSDK/Tools/GNUTools/10.3/bin/../lib/gcc/arm-none-eabi/10.3.1/../../../../arm-none-eabi/lib/thumb/v7e-m+fp/softfp/libc.a(lib_a-strncpy.o)
                0x0000000010008090                strncpy
 .text.__sprint_r.part.0
                0x00000000100080f4       0x78 /home/cj/MaximSDK/Tools/GNUTools/10.3/bin/../lib/gcc/arm-none-eabi/10.3.1/../../../../arm-none-eabi/lib/thumb/v7e-m+fp/softfp/libc.a(lib_a-vfiprintf.o)
 .text.__sprint_r
                0x000000001000816c       0x18 /home/cj/MaximSDK/Tools/GNUTools/10.3/bin/../lib/gcc/arm-none-eabi/10.3.1/../../../../arm-none-eabi/lib/thumb/v7e-m+fp/softfp/libc.a(lib_a-vfiprintf.o)
                0x000000001000816c                __sprint_r
 .text._vfiprintf_r
                0x0000000010008184      0xdfc /home/cj/MaximSDK/Tools/GNUTools/10.3/bin/../lib/gcc/arm-none-eabi/10.3.1/../../../../arm-none-eabi/lib/thumb/v7e-m+fp/softfp/libc.a(lib_a-vfiprintf.o)
                0x0000000010008184                _vfiprintf_r
 .text.__sbprintf
                0x0000000010008f80       0x80 /home/cj/MaximSDK/Tools/GNUTools/10.3/bin/../lib/gcc/arm-none-eabi/10.3.1/../../../../arm-none-eabi/lib/thumb/v7e-m+fp/softfp/libc.a(lib_a-vfiprintf.o)
 .text._write_r
                0x0000000010009000       0x2c /home/cj/MaximSDK/Tools/GNUTools/10.3/bin/../lib/gcc/arm-none-eabi/10.3.1/../../../../arm-none-eabi/lib/thumb/v7e-m+fp/softfp/libc.a(lib_a-writer.o)
                0x0000000010009000                _write_r
 .text.__register_exitproc
                0x000000001000902c       0x8c /home/cj/MaximSDK/Tools/GNUTools/10.3/bin/../lib/gcc/arm-none-eabi/10.3.1/../../../../arm-none-eabi/lib/thumb/v7e-m+fp/softfp/libc.a(lib_a-__atexit.o)
                0x000000001000902c                __register_exitproc
 .text.__assert_func
                0x00000000100090b8       0x40 /home/cj/MaximSDK/Tools/GNUTools/10.3/bin/../lib/gcc/arm-none-eabi/10.3.1/../../../../arm-none-eabi/lib/thumb/v7e-m+fp/softfp/libc.a(lib_a-assert.o)
                0x00000000100090b8                __assert_func
 .text._calloc_r
                0x00000000100090f8       0x78 /home/cj/MaximSDK/Tools/GNUTools/10.3/bin/../lib/gcc/arm-none-eabi/10.3.1/../../../../arm-none-eabi/lib/thumb/v7e-m+fp/softfp/libc.a(lib_a-callocr.o)
                0x00000000100090f8                _calloc_r
 .text._close_r
                0x0000000010009170       0x24 /home/cj/MaximSDK/Tools/GNUTools/10.3/bin/../lib/gcc/arm-none-eabi/10.3.1/../../../../arm-none-eabi/lib/thumb/v7e-m+fp/softfp/libc.a(lib_a-closer.o)
                0x0000000010009170                _close_r
 .text._fclose_r
                0x0000000010009194       0xcc /home/cj/MaximSDK/Tools/GNUTools/10.3/bin/../lib/gcc/arm-none-eabi/10.3.1/../../../../arm-none-eabi/lib/thumb/v7e-m+fp/softfp/libc.a(lib_a-fclose.o)
                0x0000000010009194                _fclose_r
 .text.fiprintf
                0x0000000010009260       0x28 /home/cj/MaximSDK/Tools/GNUTools/10.3/bin/../lib/gcc/arm-none-eabi/10.3.1/../../../../arm-none-eabi/lib/thumb/v7e-m+fp/softfp/libc.a(lib_a-fiprintf.o)
                0x0000000010009260                fiprintf
 .text.__fputwc
                0x0000000010009288       0xa8 /home/cj/MaximSDK/Tools/GNUTools/10.3/bin/../lib/gcc/arm-none-eabi/10.3.1/../../../../arm-none-eabi/lib/thumb/v7e-m+fp/softfp/libc.a(lib_a-fputwc.o)
                0x0000000010009288                __fputwc
 .text._fputwc_r
                0x0000000010009330       0x68 /home/cj/MaximSDK/Tools/GNUTools/10.3/bin/../lib/gcc/arm-none-eabi/10.3.1/../../../../arm-none-eabi/lib/thumb/v7e-m+fp/softfp/libc.a(lib_a-fputwc.o)
                0x0000000010009330                _fputwc_r
 .text._fstat_r
                0x0000000010009398       0x2c /home/cj/MaximSDK/Tools/GNUTools/10.3/bin/../lib/gcc/arm-none-eabi/10.3.1/../../../../arm-none-eabi/lib/thumb/v7e-m+fp/softfp/libc.a(lib_a-fstatr.o)
                0x0000000010009398                _fstat_r
 .text._isatty_r
                0x00000000100093c4       0x24 /home/cj/MaximSDK/Tools/GNUTools/10.3/bin/../lib/gcc/arm-none-eabi/10.3.1/../../../../arm-none-eabi/lib/thumb/v7e-m+fp/softfp/libc.a(lib_a-isattyr.o)
                0x00000000100093c4                _isatty_r
 .text.__locale_mb_cur_max
                0x00000000100093e8        0xc /home/cj/MaximSDK/Tools/GNUTools/10.3/bin/../lib/gcc/arm-none-eabi/10.3.1/../../../../arm-none-eabi/lib/thumb/v7e-m+fp/softfp/libc.a(lib_a-locale.o)
                0x00000000100093e8                __locale_mb_cur_max
 .text._lseek_r
                0x00000000100093f4       0x2c /home/cj/MaximSDK/Tools/GNUTools/10.3/bin/../lib/gcc/arm-none-eabi/10.3.1/../../../../arm-none-eabi/lib/thumb/v7e-m+fp/softfp/libc.a(lib_a-lseekr.o)
                0x00000000100093f4                _lseek_r
 .text.__ascii_mbtowc
                0x0000000010009420       0x2c /home/cj/MaximSDK/Tools/GNUTools/10.3/bin/../lib/gcc/arm-none-eabi/10.3.1/../../../../arm-none-eabi/lib/thumb/v7e-m+fp/softfp/libc.a(lib_a-mbtowc_r.o)
                0x0000000010009420                __ascii_mbtowc
 .text._read_r  0x000000001000944c       0x2c /home/cj/MaximSDK/Tools/GNUTools/10.3/bin/../lib/gcc/arm-none-eabi/10.3.1/../../../../arm-none-eabi/lib/thumb/v7e-m+fp/softfp/libc.a(lib_a-readr.o)
                0x000000001000944c                _read_r
 .text.__swbuf_r
                0x0000000010009478       0xb0 /home/cj/MaximSDK/Tools/GNUTools/10.3/bin/../lib/gcc/arm-none-eabi/10.3.1/../../../../arm-none-eabi/lib/thumb/v7e-m+fp/softfp/libc.a(lib_a-wbuf.o)
                0x0000000010009478                __swbuf_r
 .text._wcrtomb_r
                0x0000000010009528       0x3c /home/cj/MaximSDK/Tools/GNUTools/10.3/bin/../lib/gcc/arm-none-eabi/10.3.1/../../../../arm-none-eabi/lib/thumb/v7e-m+fp/softfp/libc.a(lib_a-wcrtomb.o)
                0x0000000010009528                _wcrtomb_r
 .text.__ascii_wctomb
                0x0000000010009564       0x1c /home/cj/MaximSDK/Tools/GNUTools/10.3/bin/../lib/gcc/arm-none-eabi/10.3.1/../../../../arm-none-eabi/lib/thumb/v7e-m+fp/softfp/libc.a(lib_a-wctomb_r.o)
                0x0000000010009564                __ascii_wctomb
 .text.abort    0x0000000010009580       0x10 /home/cj/MaximSDK/Tools/GNUTools/10.3/bin/../lib/gcc/arm-none-eabi/10.3.1/../../../../arm-none-eabi/lib/thumb/v7e-m+fp/softfp/libc.a(lib_a-abort.o)
                0x0000000010009580                abort
 .text.raise    0x0000000010009590       0x5c /home/cj/MaximSDK/Tools/GNUTools/10.3/bin/../lib/gcc/arm-none-eabi/10.3.1/../../../../arm-none-eabi/lib/thumb/v7e-m+fp/softfp/libc.a(lib_a-signal.o)
                0x0000000010009590                raise
 .text._kill_r  0x00000000100095ec       0x2c /home/cj/MaximSDK/Tools/GNUTools/10.3/bin/../lib/gcc/arm-none-eabi/10.3.1/../../../../arm-none-eabi/lib/thumb/v7e-m+fp/softfp/libc.a(lib_a-signalr.o)
                0x00000000100095ec                _kill_r
 .text._getpid_r
                0x0000000010009618        0x4 /home/cj/MaximSDK/Tools/GNUTools/10.3/bin/../lib/gcc/arm-none-eabi/10.3.1/../../../../arm-none-eabi/lib/thumb/v7e-m+fp/softfp/libc.a(lib_a-signalr.o)
                0x0000000010009618                _getpid_r
 .text._exit    0x000000001000961c        0x4 /home/cj/MaximSDK/Tools/GNUTools/10.3/bin/../lib/gcc/arm-none-eabi/10.3.1/../../../../arm-none-eabi/lib/thumb/v7e-m+fp/softfp/libnosys.a(_exit.o)
                0x000000001000961c                _exit
 .text          0x0000000010009620      0x378 /home/cj/MaximSDK/Tools/GNUTools/10.3/bin/../lib/gcc/arm-none-eabi/10.3.1/thumb/v7e-m+fp/softfp/libgcc.a(_arm_addsubdf3.o)
                0x0000000010009620                __aeabi_drsub
                0x0000000010009628                __aeabi_dsub
                0x0000000010009628                __subdf3
                0x000000001000962c                __adddf3
                0x000000001000962c                __aeabi_dadd
                0x00000000100098a4                __aeabi_ui2d
                0x00000000100098a4                __floatunsidf
                0x00000000100098c4                __floatsidf
                0x00000000100098c4                __aeabi_i2d
                0x00000000100098e8                __extendsfdf2
                0x00000000100098e8                __aeabi_f2d
                0x000000001000992c                __aeabi_ul2d
                0x000000001000992c                __floatundidf
                0x000000001000993c                __floatdidf
                0x000000001000993c                __aeabi_l2d
 .text          0x0000000010009998      0x424 /home/cj/MaximSDK/Tools/GNUTools/10.3/bin/../lib/gcc/arm-none-eabi/10.3.1/thumb/v7e-m+fp/softfp/libgcc.a(_arm_muldivdf3.o)
                0x0000000010009998                __aeabi_dmul
                0x0000000010009998                __muldf3
                0x0000000010009bec                __aeabi_ddiv
                0x0000000010009bec                __divdf3
 .text          0x0000000010009dbc      0x110 /home/cj/MaximSDK/Tools/GNUTools/10.3/bin/../lib/gcc/arm-none-eabi/10.3.1/thumb/v7e-m+fp/softfp/libgcc.a(_arm_cmpdf2.o)
                0x0000000010009dbc                __gtdf2
                0x0000000010009dbc                __gedf2
                0x0000000010009dc4                __ltdf2
                0x0000000010009dc4                __ledf2
                0x0000000010009dcc                __cmpdf2
                0x0000000010009dcc                __eqdf2
                0x0000000010009dcc                __nedf2
                0x0000000010009e48                __aeabi_cdrcmple
                0x0000000010009e58                __aeabi_cdcmple
                0x0000000010009e58                __aeabi_cdcmpeq
                0x0000000010009e68                __aeabi_dcmpeq
                0x0000000010009e7c                __aeabi_dcmplt
                0x0000000010009e90                __aeabi_dcmple
                0x0000000010009ea4                __aeabi_dcmpge
                0x0000000010009eb8                __aeabi_dcmpgt
 .text          0x0000000010009ecc       0x2c /home/cj/MaximSDK/Tools/GNUTools/10.3/bin/../lib/gcc/arm-none-eabi/10.3.1/thumb/v7e-m+fp/softfp/libgcc.a(_arm_unorddf2.o)
                0x0000000010009ecc                __aeabi_dcmpun
                0x0000000010009ecc                __unorddf2
 .text          0x0000000010009ef8       0x50 /home/cj/MaximSDK/Tools/GNUTools/10.3/bin/../lib/gcc/arm-none-eabi/10.3.1/thumb/v7e-m+fp/softfp/libgcc.a(_arm_fixdfsi.o)
                0x0000000010009ef8                __fixdfsi
                0x0000000010009ef8                __aeabi_d2iz
 .text          0x0000000010009f48       0x30 /home/cj/MaximSDK/Tools/GNUTools/10.3/bin/../lib/gcc/arm-none-eabi/10.3.1/thumb/v7e-m+fp/softfp/libgcc.a(_aeabi_uldivmod.o)
                0x0000000010009f48                __aeabi_uldivmod
 .text          0x0000000010009f78      0x2d0 /home/cj/MaximSDK/Tools/GNUTools/10.3/bin/../lib/gcc/arm-none-eabi/10.3.1/thumb/v7e-m+fp/softfp/libgcc.a(_udivmoddi4.o)
                0x0000000010009f78                __udivmoddi4
 .text          0x000000001000a248        0x4 /home/cj/MaximSDK/Tools/GNUTools/10.3/bin/../lib/gcc/arm-none-eabi/10.3.1/thumb/v7e-m+fp/softfp/libgcc.a(_dvmd_tls.o)
                0x000000001000a248                __aeabi_ldiv0
                0x000000001000a248                __aeabi_idiv0
 *(.rodata*)
 .rodata.SetLEDs.str1.4
                0x000000001000a24c       0x13 /home/cj/BrownbagSession/Ceedling/FTHR_I2C/build/main.o
 *fill*         0x000000001000a25f        0x1 
 .rodata.main.str1.4
                0x000000001000a260       0xb8 /home/cj/BrownbagSession/Ceedling/FTHR_I2C/build/main.o
 .rodata.mxc_assert.str1.4
                0x000000001000a318       0x19 /home/cj/BrownbagSession/Ceedling/FTHR_I2C/build/board.o
 *fill*         0x000000001000a331        0x3 
 .rodata.Board_Init.str1.4
                0x000000001000a334       0x4d /home/cj/BrownbagSession/Ceedling/FTHR_I2C/build/board.o
 *fill*         0x000000001000a381        0x3 
 .rodata        0x000000001000a384       0x10 /home/cj/BrownbagSession/Ceedling/FTHR_I2C/build/board.o
 .rodata.led_pin
                0x000000001000a394       0x24 /home/cj/BrownbagSession/Ceedling/FTHR_I2C/build/board.o
                0x000000001000a394                led_pin
 .rodata.num_leds
                0x000000001000a3b8        0x4 /home/cj/BrownbagSession/Ceedling/FTHR_I2C/build/board.o
                0x000000001000a3b8                num_leds
 .rodata.num_pbs
                0x000000001000a3bc        0x4 /home/cj/BrownbagSession/Ceedling/FTHR_I2C/build/board.o
                0x000000001000a3bc                num_pbs
 .rodata.pb_pin
                0x000000001000a3c0       0x18 /home/cj/BrownbagSession/Ceedling/FTHR_I2C/build/board.o
                0x000000001000a3c0                pb_pin
 .rodata.LED_On.str1.4
                0x000000001000a3d8       0x43 /home/cj/BrownbagSession/Ceedling/FTHR_I2C/build/led.o
 *fill*         0x000000001000a41b        0x1 
 .rodata.MXC_DMA_RevA_Init.str1.4
                0x000000001000a41c       0x85 /home/cj/MaximSDK/Libraries/PeriphDrivers/bin/MAX32655/spi-v1_softfp/libPeriphDriver_spi-v1_softfp.a(dma_reva.o)
 *fill*         0x000000001000a4a1        0x3 
 .rodata.MXC_SPI_Init.str1.4
                0x000000001000a4a4       0x85 /home/cj/MaximSDK/Libraries/PeriphDrivers/bin/MAX32655/spi-v1_softfp/libPeriphDriver_spi-v1_softfp.a(spi_me17.o)
 *fill*         0x000000001000a529        0x3 
 .rodata.MXC_SPI_RevA1_SwapByte.str1.4
                0x000000001000a52c       0x88 /home/cj/MaximSDK/Libraries/PeriphDrivers/bin/MAX32655/spi-v1_softfp/libPeriphDriver_spi-v1_softfp.a(spi_reva1.o)
 .rodata.MXC_SPI_RevA1_TransSetup.str1.4
                0x000000001000a5b4       0x22 /home/cj/MaximSDK/Libraries/PeriphDrivers/bin/MAX32655/spi-v1_softfp/libPeriphDriver_spi-v1_softfp.a(spi_reva1.o)
 *fill*         0x000000001000a5d6        0x2 
 .rodata.MXC_UART_RevB_Init.str1.4
                0x000000001000a5d8       0xab /home/cj/MaximSDK/Libraries/PeriphDrivers/bin/MAX32655/spi-v1_softfp/libPeriphDriver_spi-v1_softfp.a(uart_revb.o)
 *fill*         0x000000001000a683        0x1 
 .rodata.MXC_UART_RevB_SetClockSource.str1.4
                0x000000001000a684       0x27 /home/cj/MaximSDK/Libraries/PeriphDrivers/bin/MAX32655/spi-v1_softfp/libPeriphDriver_spi-v1_softfp.a(uart_revb.o)
 *fill*         0x000000001000a6ab        0x1 
 .rodata.gpio_cfg_extclk
                0x000000001000a6ac        0xc /home/cj/MaximSDK/Libraries/PeriphDrivers/bin/MAX32655/spi-v1_softfp/libPeriphDriver_spi-v1_softfp.a(pins_me17.o)
                0x000000001000a6ac                gpio_cfg_extclk
 .rodata.gpio_cfg_i2c0
                0x000000001000a6b8        0xc /home/cj/MaximSDK/Libraries/PeriphDrivers/bin/MAX32655/spi-v1_softfp/libPeriphDriver_spi-v1_softfp.a(pins_me17.o)
                0x000000001000a6b8                gpio_cfg_i2c0
 .rodata.gpio_cfg_i2c1
                0x000000001000a6c4        0xc /home/cj/MaximSDK/Libraries/PeriphDrivers/bin/MAX32655/spi-v1_softfp/libPeriphDriver_spi-v1_softfp.a(pins_me17.o)
                0x000000001000a6c4                gpio_cfg_i2c1
 .rodata.gpio_cfg_i2c2
                0x000000001000a6d0        0xc /home/cj/MaximSDK/Libraries/PeriphDrivers/bin/MAX32655/spi-v1_softfp/libPeriphDriver_spi-v1_softfp.a(pins_me17.o)
                0x000000001000a6d0                gpio_cfg_i2c2
 .rodata.gpio_cfg_uart0
                0x000000001000a6dc        0xc /home/cj/MaximSDK/Libraries/PeriphDrivers/bin/MAX32655/spi-v1_softfp/libPeriphDriver_spi-v1_softfp.a(pins_me17.o)
                0x000000001000a6dc                gpio_cfg_uart0
 .rodata.gpio_cfg_uart1
                0x000000001000a6e8        0xc /home/cj/MaximSDK/Libraries/PeriphDrivers/bin/MAX32655/spi-v1_softfp/libPeriphDriver_spi-v1_softfp.a(pins_me17.o)
                0x000000001000a6e8                gpio_cfg_uart1
 .rodata.gpio_cfg_uart2
                0x000000001000a6f4        0xc /home/cj/MaximSDK/Libraries/PeriphDrivers/bin/MAX32655/spi-v1_softfp/libPeriphDriver_spi-v1_softfp.a(pins_me17.o)
                0x000000001000a6f4                gpio_cfg_uart2
 .rodata.gpio_cfg_uart3
                0x000000001000a700        0xc /home/cj/MaximSDK/Libraries/PeriphDrivers/bin/MAX32655/spi-v1_softfp/libPeriphDriver_spi-v1_softfp.a(pins_me17.o)
                0x000000001000a700                gpio_cfg_uart3
 .rodata.MXC_GPIO_Common_Handler.str1.4
                0x000000001000a70c       0x9a /home/cj/MaximSDK/Libraries/PeriphDrivers/bin/MAX32655/spi-v1_softfp/libPeriphDriver_spi-v1_softfp.a(gpio_common.o)
 *fill*         0x000000001000a7a6        0x2 
 .rodata._global_impure_ptr
                0x000000001000a7a8        0x4 /home/cj/MaximSDK/Tools/GNUTools/10.3/bin/../lib/gcc/arm-none-eabi/10.3.1/../../../../arm-none-eabi/lib/thumb/v7e-m+fp/softfp/libc.a(lib_a-impure.o)
                0x000000001000a7a8                _global_impure_ptr
 .rodata._puts_r.str1.4
                0x000000001000a7ac        0x2 /home/cj/MaximSDK/Tools/GNUTools/10.3/bin/../lib/gcc/arm-none-eabi/10.3.1/../../../../arm-none-eabi/lib/thumb/v7e-m+fp/softfp/libc.a(lib_a-puts.o)
 *fill*         0x000000001000a7ae        0x2 
 .rodata._vfprintf_r.str1.4
                0x000000001000a7b0       0x42 /home/cj/MaximSDK/Tools/GNUTools/10.3/bin/../lib/gcc/arm-none-eabi/10.3.1/../../../../arm-none-eabi/lib/thumb/v7e-m+fp/softfp/libc.a(lib_a-vfprintf.o)
 *fill*         0x000000001000a7f2        0x2 
 .rodata.blanks.1
                0x000000001000a7f4       0x10 /home/cj/MaximSDK/Tools/GNUTools/10.3/bin/../lib/gcc/arm-none-eabi/10.3.1/../../../../arm-none-eabi/lib/thumb/v7e-m+fp/softfp/libc.a(lib_a-vfprintf.o)
 .rodata.zeroes.0
                0x000000001000a804       0x10 /home/cj/MaximSDK/Tools/GNUTools/10.3/bin/../lib/gcc/arm-none-eabi/10.3.1/../../../../arm-none-eabi/lib/thumb/v7e-m+fp/softfp/libc.a(lib_a-vfprintf.o)
 .rodata._dtoa_r.str1.4
                0x000000001000a814       0xa2 /home/cj/MaximSDK/Tools/GNUTools/10.3/bin/../lib/gcc/arm-none-eabi/10.3.1/../../../../arm-none-eabi/lib/thumb/v7e-m+fp/softfp/libc.a(lib_a-dtoa.o)
                                         0xa6 (size before relaxing)
 *fill*         0x000000001000a8b6        0x2 
 .rodata.__multadd.str1.4
                0x000000001000a8b8       0x7f /home/cj/MaximSDK/Tools/GNUTools/10.3/bin/../lib/gcc/arm-none-eabi/10.3.1/../../../../arm-none-eabi/lib/thumb/v7e-m+fp/softfp/libc.a(lib_a-mprec.o)
                                         0x93 (size before relaxing)
 *fill*         0x000000001000a937        0x1 
 .rodata.__mprec_bigtens
                0x000000001000a938       0x28 /home/cj/MaximSDK/Tools/GNUTools/10.3/bin/../lib/gcc/arm-none-eabi/10.3.1/../../../../arm-none-eabi/lib/thumb/v7e-m+fp/softfp/libc.a(lib_a-mprec.o)
                0x000000001000a938                __mprec_bigtens
 .rodata.__mprec_tens
                0x000000001000a960       0xc8 /home/cj/MaximSDK/Tools/GNUTools/10.3/bin/../lib/gcc/arm-none-eabi/10.3.1/../../../../arm-none-eabi/lib/thumb/v7e-m+fp/softfp/libc.a(lib_a-mprec.o)
                0x000000001000a960                __mprec_tens
 .rodata.p05.0  0x000000001000aa28        0xc /home/cj/MaximSDK/Tools/GNUTools/10.3/bin/../lib/gcc/arm-none-eabi/10.3.1/../../../../arm-none-eabi/lib/thumb/v7e-m+fp/softfp/libc.a(lib_a-mprec.o)
 .rodata._vfiprintf_r.str1.4
                0x000000001000aa34       0x2f /home/cj/MaximSDK/Tools/GNUTools/10.3/bin/../lib/gcc/arm-none-eabi/10.3.1/../../../../arm-none-eabi/lib/thumb/v7e-m+fp/softfp/libc.a(lib_a-vfiprintf.o)
 .rodata.blanks.1
                0x000000001000aa34       0x10 /home/cj/MaximSDK/Tools/GNUTools/10.3/bin/../lib/gcc/arm-none-eabi/10.3.1/../../../../arm-none-eabi/lib/thumb/v7e-m+fp/softfp/libc.a(lib_a-vfiprintf.o)
 .rodata.zeroes.0
                0x000000001000aa44       0x10 /home/cj/MaximSDK/Tools/GNUTools/10.3/bin/../lib/gcc/arm-none-eabi/10.3.1/../../../../arm-none-eabi/lib/thumb/v7e-m+fp/softfp/libc.a(lib_a-vfiprintf.o)
 .rodata.__assert_func.str1.4
                0x000000001000aa54       0x3f /home/cj/MaximSDK/Tools/GNUTools/10.3/bin/../lib/gcc/arm-none-eabi/10.3.1/../../../../arm-none-eabi/lib/thumb/v7e-m+fp/softfp/libc.a(lib_a-assert.o)
                                         0x43 (size before relaxing)
 *fill*         0x000000001000aa93        0x1 
 .rodata._setlocale_r.str1.4
                0x000000001000aa94        0xa /home/cj/MaximSDK/Tools/GNUTools/10.3/bin/../lib/gcc/arm-none-eabi/10.3.1/../../../../arm-none-eabi/lib/thumb/v7e-m+fp/softfp/libc.a(lib_a-locale.o)
                                          0xd (size before relaxing)
 *fill*         0x000000001000aa9e        0x2 
 .rodata.str1.4
                0x000000001000aaa0        0x2 /home/cj/MaximSDK/Tools/GNUTools/10.3/bin/../lib/gcc/arm-none-eabi/10.3.1/../../../../arm-none-eabi/lib/thumb/v7e-m+fp/softfp/libc.a(lib_a-locale.o)
 *fill*         0x000000001000aaa2        0x2 
 .rodata._ctype_
                0x000000001000aaa4      0x101 /home/cj/MaximSDK/Tools/GNUTools/10.3/bin/../lib/gcc/arm-none-eabi/10.3.1/../../../../arm-none-eabi/lib/thumb/v7e-m+fp/softfp/libc.a(lib_a-ctype_.o)
                0x000000001000aaa4                _ctype_
 *(.init)
 *fill*         0x000000001000aba5        0x3 
 .init          0x000000001000aba8        0x4 /home/cj/MaximSDK/Tools/GNUTools/10.3/bin/../lib/gcc/arm-none-eabi/10.3.1/thumb/v7e-m+fp/softfp/crti.o
                0x000000001000aba8                _init
 .init          0x000000001000abac        0x8 /home/cj/MaximSDK/Tools/GNUTools/10.3/bin/../lib/gcc/arm-none-eabi/10.3.1/thumb/v7e-m+fp/softfp/crtn.o
 *(.fini)
 .fini          0x000000001000abb4        0x4 /home/cj/MaximSDK/Tools/GNUTools/10.3/bin/../lib/gcc/arm-none-eabi/10.3.1/thumb/v7e-m+fp/softfp/crti.o
                0x000000001000abb4                _fini
 .fini          0x000000001000abb8        0x8 /home/cj/MaximSDK/Tools/GNUTools/10.3/bin/../lib/gcc/arm-none-eabi/10.3.1/thumb/v7e-m+fp/softfp/crtn.o
 *crtbegin.o(.ctors)
 *crtbegin?.o(.ctors)
 *(EXCLUDE_FILE(*crtend.o *crtend?.o) .ctors)
 *(SORT_BY_NAME(.ctors.*))
 *(.ctors)
 *crtbegin.o(.dtors)
 *crtbegin?.o(.dtors)
 *(EXCLUDE_FILE(*crtend.o *crtend?.o) .dtors)
 *(SORT_BY_NAME(.dtors.*))
 *(.dtors)
 *(.eh_frame*)
 .eh_frame      0x000000001000abc0        0x0 /home/cj/MaximSDK/Tools/GNUTools/10.3/bin/../lib/gcc/arm-none-eabi/10.3.1/thumb/v7e-m+fp/softfp/crtbegin.o